C51 COMPILER V9.60.7.0   ISR                                                               09/04/2024 09:29:07 PAGE 1   


C51 COMPILER V9.60.7.0, COMPILATION OF MODULE ISR
OBJECT MODULE PLACED IN .\Objects\isr.obj
COMPILER INVOKED BY: D:\tool chain\keil c51 v6\C51\BIN\C51.EXE StdDriver\src\isr.c LARGE OPTIMIZE(8,SPEED) BROWSE INCDIR
                    -(.\Device\Include;.\StdDriver\inc;.\RTX Tiny2\inc;.\TM1650) DEFINE(FOSC_240000) DEBUG OBJECTEXTEND SYMBOLS PRINT(.\Listi
                    -ngs\isr.lst) TABS(2) OBJECT(.\Objects\isr.obj)

line level    source

   1          /*--------------------------------------------------------------------------------------------------------
             --*/
   2          /*                                                                                                        
             - */
   3          /* Copyright(c) 2020 nuvoton Technology Corp. All rights reserved.                                        
             - */
   4          /*                                                                                                        
             - */
   5          /*--------------------------------------------------------------------------------------------------------
             --*/
   6          
   7          //********************************************************************************************************
             -***
   8          //  Website: http://www.nuvoton.com
   9          //  E-Mail : MicroC-8bit@nuvoton.com
  10          //  Date   : June/21/2020
  11          //********************************************************************************************************
             -***
  12          
  13          //********************************************************************************************************
             -***
  14          //  File Function: MS51 interrupt vector list
  15          //********************************************************************************************************
             -***
  16          #include "MS51_8K.H"
  17          
  18          
  19          /*all interrupt subroutine list */
  20          //--------------------------------------------------------------------------------------------------------
             ----
  21          void INT0_ISR(void) interrupt 0          // Vector @  0x03
  22          {
  23   1          _push_(SFRS);
*** WARNING C206 IN LINE 23 OF StdDriver\src\isr.c: '_push_': missing function-prototype
*** ERROR C267 IN LINE 23 OF StdDriver\src\isr.c: '_push_': requires ANSI-style prototype
  24   1        
  25   1          clr_TCON_IE0;
*** ERROR C202 IN LINE 25 OF StdDriver\src\isr.c: 'clr_TCON_IE0': undefined identifier
  26   1      
  27   1          _pop_(SFRS);
  28   1      }
  29          //--------------------------------------------------------------------------------------------------------
             ----
  30          void Timer0_ISR(void) interrupt 1        // Vector @  0x0B
  31          {
  32   1          _push_(SFRS);
  33   1        
  34   1          clr_TCON_TF0;
  35   1      
  36   1          _pop_(SFRS);
  37   1      }
  38          //--------------------------------------------------------------------------------------------------------
             ----
C51 COMPILER V9.60.7.0   ISR                                                               09/04/2024 09:29:07 PAGE 2   

  39          void INT1_ISR(void) interrupt 2          // Vector @  0x13
  40          {
  41   1          _push_(SFRS);
  42   1        
  43   1          clr_TCON_IE1;
  44   1      
  45   1          _pop_(SFRS);
  46   1      }
  47          //--------------------------------------------------------------------------------------------------------
             ----
  48          void Timer1_ISR(void) interrupt 3        // Vector @  0x1B
  49          {
  50   1          _push_(SFRS);
  51   1        
  52   1          clr_TCON_TF1;
  53   1      
  54   1          _pop_(SFRS);
  55   1      }
  56          //--------------------------------------------------------------------------------------------------------
             ----
  57          void UART0_ISR(void) interrupt 4         // Vector @  0x23
  58          {
  59   1          _push_(SFRS);
  60   1        
  61   1          clr_SCON_RI;
  62   1          clr_SCON_TI;
  63   1      
  64   1          _pop_(SFRS);
  65   1      }
  66          //--------------------------------------------------------------------------------------------------------
             ----
  67          void Timer2_ISR(void) interrupt 5        // Vector @  0x2B
  68          {
  69   1          _push_(SFRS);
  70   1        
  71   1          clr_T2CON_TF2;
  72   1      
  73   1          _pop_(SFRS);
  74   1      }
  75          //--------------------------------------------------------------------------------------------------------
             ----
  76          void I2C_ISR(void) interrupt 6           // Vector @  0x33
  77          {
  78   1          _push_(SFRS);
  79   1        
  80   1          clr_I2CON_SI;
  81   1      
  82   1          _pop_(SFRS);
  83   1      }
  84          //--------------------------------------------------------------------------------------------------------
             ----
  85          void Pin_INT_ISR(void) interrupt 7       // Vector @  0x3B
  86          {
  87   1          _push_(SFRS);
  88   1        
  89   1          PIF = 0;
  90   1      
  91   1          _pop_(SFRS);
  92   1      }
  93          //--------------------------------------------------------------------------------------------------------
             ----
  94          void BOD_ISR(void) interrupt 8           // Vector @  0x43
C51 COMPILER V9.60.7.0   ISR                                                               09/04/2024 09:29:07 PAGE 3   

  95          {
  96   1          _push_(SFRS);
  97   1        
  98   1          clr_BODCON0_BOF;
  99   1      
 100   1          _pop_(SFRS);
 101   1      }
 102          //--------------------------------------------------------------------------------------------------------
             ----
 103          void SPI_ISR(void) interrupt 9           // Vector @  0x4B
 104          {
 105   1          _push_(SFRS);
 106   1        
 107   1          clr_SPSR_SPIF;
 108   1      
 109   1          _pop_(SFRS);
 110   1      }
 111          //--------------------------------------------------------------------------------------------------------
             ----
 112          void WDT_ISR(void) interrupt 10          // Vector @  0x53
 113          {
 114   1          _push_(SFRS);
 115   1        
 116   1          clr_WDCON_WDTF;
 117   1      
 118   1          _pop_(SFRS);
 119   1      }
 120          //--------------------------------------------------------------------------------------------------------
             ----
 121          void ADC_ISR(void) interrupt 11          // Vector @  0x5B
 122          {
 123   1          _push_(SFRS);
 124   1        
 125   1          clr_ADCCON0_ADCF;
 126   1          
 127   1          _pop_(SFRS);
 128   1      }
 129          //--------------------------------------------------------------------------------------------------------
             ----
 130          void Capture_ISR(void) interrupt 12      // Vector @  0x63
 131          {
 132   1          _push_(SFRS);
 133   1        
 134   1          clr_CAPCON0_CAPF0;
 135   1          clr_CAPCON0_CAPF1;
 136   1          clr_CAPCON0_CAPF2;
 137   1      
 138   1          _pop_(SFRS);
 139   1      }
 140          //--------------------------------------------------------------------------------------------------------
             ----
 141          void PWM_Brake_ISR(void) interrupt 14    // Vector @  0x73
 142          {
 143   1          _push_(SFRS);
 144   1        
 145   1          clr_FBD_FBF;
 146   1      
 147   1          _pop_(SFRS);
 148   1      }
 149          //--------------------------------------------------------------------------------------------------------
             ----
 150          void UART1_ISR(void) interrupt 15         // Vector @  0x7B
C51 COMPILER V9.60.7.0   ISR                                                               09/04/2024 09:29:07 PAGE 4   

 151          {
 152   1          _push_(SFRS);
 153   1        
 154   1          clr_SCON_1_RI_1;
 155   1          clr_SCON_1_TI_1;
 156   1      
 157   1          _pop_(SFRS);
 158   1      }
 159          //--------------------------------------------------------------------------------------------------------
             ----
 160          void Timer3_ISR(void) interrupt 16        // Vector @  0x83
 161          {
 162   1          _push_(SFRS);
 163   1        
 164   1          clr_T3CON_TF3;
 165   1      
 166   1          _pop_(SFRS);
 167   1      }
 168          //--------------------------------------------------------------------------------------------------------
             ----
 169          void WKT_ISR(void) interrupt 17           // Vector @  0x8B
 170          {
 171   1          _push_(SFRS);
 172   1        
 173   1          clr_WKCON_WKTF;
 174   1      
 175   1          _pop_(SFRS);
 176   1      }
 177          
 178          

C51 COMPILATION COMPLETE.  1 WARNING(S),  2 ERROR(S)
