BL51 BANKED LINKER/LOCATER V6.22.4.0                                                    09/27/2024  10:00:24  PAGE 1


BL51 BANKED LINKER/LOCATER V6.22.4.0, INVOKED BY:
D:\TOOL CHAIN\KEIL C51 V6\C51\BIN\BL51.EXE .\Objects\MS51_STARTUP.obj, .\Objects\Conf_tny.obj, .\Objects\main.obj, .\Obj
>> ects\hardware.obj, .\Objects\I2C_GPIO.obj, .\Objects\button.obj, .\Objects\systick.obj, .\Objects\output.obj, .\Objec
>> ts\tm11650.obj, .\Objects\sys.obj, .\Objects\eeprom.obj, .\Objects\common.obj TO .\Objects\spray RTX51TINY PRINT (.\L
>> istings\spray.m51) RAMSIZE (256) CODE (0X0000-0X3FFF) XDATA (0X0000-0X03FF)


MEMORY MODEL: LARGE


INPUT MODULES INCLUDED:
  .\Objects\MS51_STARTUP.obj (?C_STARTUP)
  .\Objects\Conf_tny.obj (?RTX51_TINY_KERNAL)
  .\Objects\main.obj (MAIN)
  .\Objects\hardware.obj (HARDWARE)
  .\Objects\I2C_GPIO.obj (I2C_GPIO)
  .\Objects\button.obj (BUTTON)
  .\Objects\systick.obj (SYSTICK)
  .\Objects\output.obj (OUTPUT)
  .\Objects\tm11650.obj (TM11650)
  .\Objects\sys.obj (SYS)
  .\Objects\eeprom.obj (EEPROM)
  .\Objects\common.obj (COMMON)
  D:\TOOL CHAIN\KEIL C51 V6\C51\LIB\RTX51TNY.LIB (?RTX51_TINY_OS_CREATE)
  D:\TOOL CHAIN\KEIL C51 V6\C51\LIB\C51L.LIB (?C_INIT)
  D:\TOOL CHAIN\KEIL C51 V6\C51\LIB\C51L.LIB (?C?COPY)
  D:\TOOL CHAIN\KEIL C51 V6\C51\LIB\C51L.LIB (?C?CLDOPTR)
  D:\TOOL CHAIN\KEIL C51 V6\C51\LIB\C51L.LIB (?C?CSTPTR)
  D:\TOOL CHAIN\KEIL C51 V6\C51\LIB\C51L.LIB (?C?CSTOPTR)
  D:\TOOL CHAIN\KEIL C51 V6\C51\LIB\C51L.LIB (?C?IMUL)
  D:\TOOL CHAIN\KEIL C51 V6\C51\LIB\C51L.LIB (?C?UIDIV)
  D:\TOOL CHAIN\KEIL C51 V6\C51\LIB\C51L.LIB (?C?IILDX)
  D:\TOOL CHAIN\KEIL C51 V6\C51\LIB\C51L.LIB (?C?ILDIX)
  D:\TOOL CHAIN\KEIL C51 V6\C51\LIB\C51L.LIB (?C?ULDIV)
  D:\TOOL CHAIN\KEIL C51 V6\C51\LIB\C51L.LIB (?C?ULCMP)
  D:\TOOL CHAIN\KEIL C51 V6\C51\LIB\C51L.LIB (?C?LSTXDATA)
  D:\TOOL CHAIN\KEIL C51 V6\C51\LIB\C51L.LIB (?C?LSTKXDATA)
  D:\TOOL CHAIN\KEIL C51 V6\C51\LIB\C51L.LIB (?C?MEMCMP)
  D:\TOOL CHAIN\KEIL C51 V6\C51\LIB\C51L.LIB (?C?MEMSET)


TASK TABLE OF MODULE:  .\Objects\spray (?C_STARTUP)

TASKID   PRIORITY   REG-BANK   SEGMENT NAME
-------------------------------------------
0        0          0          ?PR?STARTUP_TASK?MAIN
1        0          0          ?PR?REFRESH_LED?MAIN
2        0          0          ?PR?BUSINESS_LOGIC?MAIN



LINK MAP OF MODULE:  .\Objects\spray (?C_STARTUP)


            TYPE    BASE      LENGTH    RELOCATION   SEGMENT NAME
            -----------------------------------------------------

            * * * * * * *   D A T A   M E M O R Y   * * * * * * *
BL51 BANKED LINKER/LOCATER V6.22.4.0                                                  09/27/2024  10:00:24  PAGE 2


            REG     0000H     0008H     ABSOLUTE     "REG BANK 0"
            DATA    0008H     0006H     ABSOLUTE     
            DATA    000EH     0003H     UNIT         ?DT?SYS
            DATA    0011H     0003H     UNIT         _DATA_GROUP_
            IDATA   0014H     0006H     UNIT         ?RTX?TASKSTATE?S
            IDATA   001AH     0003H     UNIT         ?RTX?TASKSP?S
                    001DH     0003H                  *** GAP ***
            BIT     0020H.0   0000H.1   UNIT         ?RTX?BITS
            BIT     0020H.1   0000H.1   UNIT         ?BI?SYS
                    0020H.2   0000H.6                *** GAP ***
            IDATA   0021H     0001H     UNIT         ?STACK

            * * * * * * *  X D A T A   M E M O R Y  * * * * * * *
            XDATA   0000H     0200H     UNIT         ?XD?SYSTICK
            XDATA   0200H     00BFH     UNIT         _XDATA_GROUP_
            XDATA   02BFH     0080H     UNIT         ?XD?EEPROM
            XDATA   033FH     0048H     UNIT         ?XD?MAIN

            * * * * * * *   C O D E   M E M O R Y   * * * * * * *
            CODE    0000H     0003H     ABSOLUTE     
            CODE    0003H     0008H     UNIT         ?PR?_READ_APROM_BYTE?COMMON
            CODE    000BH     0003H     ABSOLUTE     
            CODE    000EH     000CH     UNIT         ?PR?GET_TIMER1_SYSTEMTICK?SYSTICK
                    001AH     0001H                  *** GAP ***
            CODE    001BH     0003H     ABSOLUTE     
            CODE    001EH     0009H     UNIT         ?PR?_IIC_SDA?I2C_GPIO
            CODE    0027H     0003H     UNIT         ?PR?BEEPER_SIGNAL_EFFECTIVE?OUTPUT
                    002AH     0001H                  *** GAP ***
            CODE    002BH     0003H     ABSOLUTE     
            CODE    002EH     0034H     UNIT         ?PR?READSTARTMULTIPLIER?MAIN
                    0062H     0001H                  *** GAP ***
            CODE    0063H     0003H     ABSOLUTE     
            CODE    0066H     079FH     UNIT         ?PR?REFRESH_LED?MAIN
            CODE    0805H     04DCH     UNIT         ?C?LIB_CODE
            CODE    0CE1H     03DBH     UNIT         ?PR?RIGHT_BUSINESS_LOGIC?MAIN
            CODE    10BCH     03C7H     UNIT         ?PR?LEFT_BUSINESS_LOGIC?MAIN
            CODE    1483H     0303H     UNIT         ?PR?DECODE?SYSTICK
            CODE    1786H     0278H     UNIT         ?PR?_WRITEDATATOONEPAGE?EEPROM
            CODE    19FEH     0275H     UNIT         ?C_INITSEG
            CODE    1C73H     01FBH     UNIT         ?RTX?CODE
            CODE    1E6EH     0195H     UNIT         ?PR?_GPIO_BUTTON_POLL_BLOCKED?BUTTON
            CODE    2003H     016BH     UNIT         ?PR?STOP_SPRAY?MAIN
            CODE    216EH     016AH     UNIT         ?PR?WRITEFLASH?MAIN
            CODE    22D8H     0169H     UNIT         ?PR?START_SPRAY?MAIN
            CODE    2441H     015FH     UNIT         ?PR?_WRITE_DATAFLASH_BYTE?EEPROM
            CODE    25A0H     0153H     UNIT         ?PR?WATER_IS_NOT_SHORT?MAIN
            CODE    26F3H     0116H     UNIT         ?PR?LEARN_CODE?MAIN
            CODE    2809H     0101H     UNIT         ?PR?STARTUP_TASK?MAIN
            CODE    290AH     00F7H     UNIT         ?PR?CAPTURE_ISR?SYSTICK
            CODE    2A01H     00F7H     UNIT         ?PR?_MODIFY_HIRC?SYS
            CODE    2AF8H     00BEH     UNIT         ?PR?_WRITE_DATAFLASH_ARRAY?EEPROM
            CODE    2BB6H     00AAH     UNIT         ?PR?GPIO_BUTTON_INIT_POLL?BUTTON
            CODE    2C60H     009DH     UNIT         ?CO?TM11650
            CODE    2CFDH     009AH     UNIT         ?C_C51STARTUP
            CODE    2D97H     0092H     UNIT         ?PR?INPUT_SIGNAL_INIT?OUTPUT
            CODE    2E29H     0087H     UNIT         ?PR?BUSINESS_LOGIC?MAIN
            CODE    2EB0H     007EH     UNIT         ?PR?EXTERNAL_BUTTON_POLL_BLOCKED?OUTPUT
BL51 BANKED LINKER/LOCATER V6.22.4.0                                                  09/27/2024  10:00:24  PAGE 3


            CODE    2F2EH     0073H     UNIT         ?PR?GETRFBUTTONCODE?SYSTICK
            CODE    2FA1H     0067H     UNIT         ?PR?_READ_DATAFLASH_ARRAY?EEPROM
            CODE    3008H     0044H     UNIT         ?PR?_TM1650_DISPLAYSEGMENT?TM11650
            CODE    304CH     0041H     UNIT         ?PR?_TM1650_DISPLAYCHAR_WITHDOT_UNDERMASK?TM11650
            CODE    308DH     003FH     UNIT         ?PR?DISPLAY_WHEN_LEARN_COMPLETE?MAIN
            CODE    30CCH     003FH     UNIT         ?PR?ENABLE_TIMER2_IC2?SYSTICK
            CODE    310BH     003EH     UNIT         ?PR?_TIMER1_DELAY2DOT54MS_UNBLOCKED?SYSTICK
            CODE    3149H     003CH     UNIT         ?PR?DISPLAY_WHEN_LEARNING?MAIN
            CODE    3185H     003BH     UNIT         ?PR?_TM1650_DISPLAYCHAR_WITHDOT?TM11650
            CODE    31C0H     0039H     UNIT         ?PR?_TIMER1_DELAY2DOT54MS_BLOCKED?SYSTICK
            CODE    31F9H     0034H     UNIT         ?PR?IIC_DELAY2US?I2C_GPIO
            CODE    322DH     0032H     UNIT         ?PR?IIC_INIT?I2C_GPIO
            CODE    325FH     0032H     UNIT         ?PR?_TM1650_DISPLAYCHAR?TM11650
            CODE    3291H     0031H     UNIT         ?PR?DISPLAY_WHEN_WATER_IS_SHORT?MAIN
            CODE    32C2H     002EH     UNIT         ?PR?_IIC_SEND_BYTE?I2C_GPIO
            CODE    32F0H     002DH     UNIT         ?PR?READSTOPMULTIPLIER?MAIN
            CODE    331DH     0026H     UNIT         ?PR?BEEPER_ONCE?MAIN
            CODE    3343H     0025H     UNIT         ?PR?IIC_WAIT_ACK?I2C_GPIO
            CODE    3368H     0024H     UNIT         ?PR?SAVETOFLASH?SYSTICK
            CODE    338CH     0023H     UNIT         ?PR?_I2C_WRITE_BYTE?I2C_GPIO
            CODE    33AFH     0021H     UNIT         ?PR?TIMER2_ISR?SYSTICK
            CODE    33D0H     001CH     UNIT         ?PR?READLEFTMODE?MAIN
            CODE    33ECH     001CH     UNIT         ?PR?READRIGHTMODE?MAIN
            CODE    3408H     001CH     UNIT         ?PR?TIMER1_ISR?SYSTICK
            CODE    3424H     001CH     UNIT         ?PR?MATCH?SYSTICK
            CODE    3440H     001BH     UNIT         ?PR?_TM1650_DISPLAYON?TM11650
            CODE    345BH     0016H     UNIT         ?PR?READSTOPCOUNTER?MAIN
            CODE    3471H     0016H     UNIT         ?PR?START_TIMER1_SYSTEMTICK?SYSTICK
            CODE    3487H     0015H     UNIT         ?PR?_ISBUTTONCODEVALID?TM11650
            CODE    349CH     0012H     UNIT         ?PR?IIC_STOP?I2C_GPIO
            CODE    34AEH     0012H     UNIT         ?PR?ONEFRAMERECEIVED?SYSTICK
            CODE    34C0H     000FH     UNIT         ?PR?READWATERSHORTLEVEL?MAIN
            CODE    34CFH     000FH     UNIT         ?PR?READWATERSHORTDELAY?MAIN
            CODE    34DEH     000FH     UNIT         ?PR?_IIC_SCL?I2C_GPIO
            CODE    34EDH     000FH     UNIT         ?PR?IIC_START?I2C_GPIO
            CODE    34FCH     000FH     UNIT         ?PR?USER_SYSTEMTICK_CALLBACK?SYSTICK
            CODE    350BH     0007H     UNIT         ?PR?READSTARTCOUNTER?MAIN
            CODE    3512H     0006H     UNIT         ?RTX?TASKENT?S
            CODE    3518H     0003H     UNIT         ?PR?BEEPER_SIGNAL_INEFFECTIVE?OUTPUT
            CODE    351BH     0003H     UNIT         ?PR?RELAY_EFFECTIVE?OUTPUT
            CODE    351EH     0003H     UNIT         ?PR?RELAY_INEFFECTIVE?OUTPUT



OVERLAY MAP OF MODULE:   .\Objects\spray (?C_STARTUP)


SEGMENT                                            DATA_GROUP          XDATA_GROUP
  +--> CALLED SEGMENT                            START    LENGTH     START    LENGTH
------------------------------------------------------------------------------------
?C_C51STARTUP                                    -----    -----      -----    -----
  +--> ?C_INITSEG

*** NEW ROOT ***************************************************

?PR?BUSINESS_LOGIC?MAIN                          -----    -----      0200H    0001H
  +--> ?PR?GPIO_BUTTON_INIT_POLL?BUTTON
BL51 BANKED LINKER/LOCATER V6.22.4.0                                                  09/27/2024  10:00:24  PAGE 4


  +--> ?PR?INPUT_SIGNAL_INIT?OUTPUT
  +--> ?PR?READSTARTCOUNTER?MAIN
  +--> ?PR?READSTOPCOUNTER?MAIN
  +--> ?PR?READSTARTMULTIPLIER?MAIN
  +--> ?PR?READSTOPMULTIPLIER?MAIN
  +--> ?PR?READWATERSHORTLEVEL?MAIN
  +--> ?PR?READWATERSHORTDELAY?MAIN
  +--> ?PR?LEFT_BUSINESS_LOGIC?MAIN
  +--> ?PR?RIGHT_BUSINESS_LOGIC?MAIN
  +--> ?PR?_GPIO_BUTTON_POLL_BLOCKED?BUTTON
  +--> ?PR?_ISBUTTONCODEVALID?TM11650
  +--> ?PR?BEEPER_ONCE?MAIN
  +--> ?PR?WRITEFLASH?MAIN
  +--> ?PR?LEARN_CODE?MAIN

?PR?READSTARTCOUNTER?MAIN                        -----    -----      -----    -----
  +--> ?PR?_READ_APROM_BYTE?COMMON

?PR?READSTOPCOUNTER?MAIN                         -----    -----      -----    -----
  +--> ?PR?_READ_APROM_BYTE?COMMON

?PR?READSTARTMULTIPLIER?MAIN                     -----    -----      02A7H    0002H
  +--> ?PR?_READ_DATAFLASH_ARRAY?EEPROM

?PR?_READ_DATAFLASH_ARRAY?EEPROM                 -----    -----      02A9H    0009H

?PR?READSTOPMULTIPLIER?MAIN                      -----    -----      02A7H    0002H
  +--> ?PR?_READ_DATAFLASH_ARRAY?EEPROM

?PR?READWATERSHORTLEVEL?MAIN                     -----    -----      -----    -----
  +--> ?PR?_READ_APROM_BYTE?COMMON

?PR?READWATERSHORTDELAY?MAIN                     -----    -----      -----    -----
  +--> ?PR?_READ_APROM_BYTE?COMMON

?PR?LEFT_BUSINESS_LOGIC?MAIN                     -----    -----      -----    -----
  +--> ?PR?DISPLAY_WHEN_WATER_IS_SHORT?MAIN
  +--> ?PR?READLEFTMODE?MAIN
  +--> ?PR?DISPLAY_WHEN_LEARNING?MAIN
  +--> ?PR?DISPLAY_WHEN_LEARN_COMPLETE?MAIN

?PR?READLEFTMODE?MAIN                            -----    -----      -----    -----
  +--> ?PR?_READ_APROM_BYTE?COMMON

?PR?RIGHT_BUSINESS_LOGIC?MAIN                    -----    -----      -----    -----
  +--> ?PR?DISPLAY_WHEN_WATER_IS_SHORT?MAIN
  +--> ?PR?READRIGHTMODE?MAIN
  +--> ?PR?DISPLAY_WHEN_LEARNING?MAIN
  +--> ?PR?DISPLAY_WHEN_LEARN_COMPLETE?MAIN

?PR?READRIGHTMODE?MAIN                           -----    -----      -----    -----
  +--> ?PR?_READ_APROM_BYTE?COMMON

?PR?_GPIO_BUTTON_POLL_BLOCKED?BUTTON             -----    -----      0201H    0004H
  +--> ?PR?GET_TIMER1_SYSTEMTICK?SYSTICK
  +--> ?PR?_TIMER1_DELAY2DOT54MS_BLOCKED?SYS...

BL51 BANKED LINKER/LOCATER V6.22.4.0                                                  09/27/2024  10:00:24  PAGE 5


?PR?_TIMER1_DELAY2DOT54MS_BLOCKED?SYS...         -----    -----      02ADH    0008H
  +--> ?PR?GET_TIMER1_SYSTEMTICK?SYSTICK

?PR?_ISBUTTONCODEVALID?TM11650                   -----    -----      -----    -----
  +--> ?CO?TM11650

?PR?BEEPER_ONCE?MAIN                             -----    -----      -----    -----
  +--> ?PR?BEEPER_SIGNAL_EFFECTIVE?OUTPUT
  +--> ?PR?GET_TIMER1_SYSTEMTICK?SYSTICK
  +--> ?PR?_TIMER1_DELAY2DOT54MS_BLOCKED?SYS...
  +--> ?PR?BEEPER_SIGNAL_INEFFECTIVE?OUTPUT

?PR?WRITEFLASH?MAIN                              -----    -----      0201H    0001H
  +--> ?PR?_WRITE_DATAFLASH_BYTE?EEPROM
  +--> ?PR?_WRITE_DATAFLASH_ARRAY?EEPROM

?PR?_WRITE_DATAFLASH_BYTE?EEPROM                 -----    -----      02ADH    0006H
  +--> ?PR?_READ_APROM_BYTE?COMMON

?PR?_WRITE_DATAFLASH_ARRAY?EEPROM                -----    -----      0202H    0008H
  +--> ?PR?_WRITEDATATOONEPAGE?EEPROM

?PR?_WRITEDATATOONEPAGE?EEPROM                   -----    -----      020AH    008AH

?PR?LEARN_CODE?MAIN                              -----    -----      0201H    0004H
  +--> ?PR?GET_TIMER1_SYSTEMTICK?SYSTICK
  +--> ?PR?DISPLAY_WHEN_LEARNING?MAIN
  +--> ?PR?SAVETOFLASH?SYSTICK
  +--> ?PR?BEEPER_ONCE?MAIN
  +--> ?PR?DISPLAY_WHEN_LEARN_COMPLETE?MAIN
  +--> ?PR?_TIMER1_DELAY2DOT54MS_UNBLOCKED?S...
  +--> ?PR?_TIMER1_DELAY2DOT54MS_BLOCKED?SYS...

?PR?_TIMER1_DELAY2DOT54MS_UNBLOCKED?S...         -----    -----      0205H    0008H
  +--> ?PR?GET_TIMER1_SYSTEMTICK?SYSTICK

*** NEW ROOT ***************************************************

?PR?REFRESH_LED?MAIN                             -----    -----      0294H    0004H
  +--> ?PR?READSTARTCOUNTER?MAIN
  +--> ?PR?READSTOPCOUNTER?MAIN
  +--> ?PR?READSTARTMULTIPLIER?MAIN
  +--> ?PR?READSTOPMULTIPLIER?MAIN
  +--> ?PR?READWATERSHORTLEVEL?MAIN
  +--> ?PR?READWATERSHORTDELAY?MAIN
  +--> ?PR?IIC_INIT?I2C_GPIO
  +--> ?PR?_TM1650_DISPLAYON?TM11650
  +--> ?PR?DISPLAY_WHEN_LEARNING?MAIN
  +--> ?PR?DISPLAY_WHEN_LEARN_COMPLETE?MAIN
  +--> ?PR?DISPLAY_WHEN_WATER_IS_SHORT?MAIN
  +--> ?PR?GET_TIMER1_SYSTEMTICK?SYSTICK
  +--> ?PR?_TM1650_DISPLAYSEGMENT?TM11650
  +--> ?PR?_TM1650_DISPLAYCHAR_WITHDOT_UNDER...
  +--> ?PR?_TM1650_DISPLAYCHAR_WITHDOT?TM11650
  +--> ?PR?_TM1650_DISPLAYCHAR?TM11650

?PR?_TM1650_DISPLAYON?TM11650                    -----    -----      0298H    0003H
BL51 BANKED LINKER/LOCATER V6.22.4.0                                                  09/27/2024  10:00:24  PAGE 6


  +--> ?PR?_I2C_WRITE_BYTE?I2C_GPIO

?PR?_I2C_WRITE_BYTE?I2C_GPIO                     -----    -----      -----    -----
  +--> ?PR?IIC_START?I2C_GPIO
  +--> ?PR?_IIC_SEND_BYTE?I2C_GPIO
  +--> ?PR?IIC_WAIT_ACK?I2C_GPIO
  +--> ?PR?IIC_STOP?I2C_GPIO

?PR?IIC_START?I2C_GPIO                           -----    -----      -----    -----
  +--> ?PR?_IIC_SDA?I2C_GPIO
  +--> ?PR?IIC_DELAY2US?I2C_GPIO
  +--> ?PR?_IIC_SCL?I2C_GPIO

?PR?IIC_DELAY2US?I2C_GPIO                        -----    -----      -----    -----
  +--> ?PR?_IIC_SCL?I2C_GPIO

?PR?_IIC_SCL?I2C_GPIO                            -----    -----      -----    -----
  +--> ?PR?_IIC_SDA?I2C_GPIO

?PR?_IIC_SEND_BYTE?I2C_GPIO                      -----    -----      -----    -----
  +--> ?PR?_IIC_SDA?I2C_GPIO
  +--> ?PR?IIC_DELAY2US?I2C_GPIO
  +--> ?PR?_IIC_SCL?I2C_GPIO

?PR?IIC_WAIT_ACK?I2C_GPIO                        -----    -----      -----    -----
  +--> ?PR?_IIC_SCL?I2C_GPIO
  +--> ?PR?IIC_DELAY2US?I2C_GPIO
  +--> ?PR?IIC_STOP?I2C_GPIO

?PR?IIC_STOP?I2C_GPIO                            -----    -----      -----    -----
  +--> ?PR?_IIC_SDA?I2C_GPIO
  +--> ?PR?IIC_DELAY2US?I2C_GPIO

?PR?_TM1650_DISPLAYSEGMENT?TM11650               -----    -----      0298H    0006H
  +--> ?CO?TM11650
  +--> ?PR?_I2C_WRITE_BYTE?I2C_GPIO

?PR?_TM1650_DISPLAYCHAR_WITHDOT_UNDER...         -----    -----      0298H    0006H
  +--> ?CO?TM11650
  +--> ?PR?_I2C_WRITE_BYTE?I2C_GPIO

?PR?_TM1650_DISPLAYCHAR_WITHDOT?TM11650          -----    -----      0298H    0005H
  +--> ?CO?TM11650
  +--> ?PR?_I2C_WRITE_BYTE?I2C_GPIO

?PR?_TM1650_DISPLAYCHAR?TM11650                  -----    -----      0298H    0005H
  +--> ?CO?TM11650
  +--> ?PR?_I2C_WRITE_BYTE?I2C_GPIO

*** NEW ROOT ***************************************************

?PR?STARTUP_TASK?MAIN                            -----    -----      02A3H    0004H
  +--> ?PR?_MODIFY_HIRC?SYS
  +--> ?PR?ENABLE_TIMER2_IC2?SYSTICK
  +--> ?PR?START_TIMER1_SYSTEMTICK?SYSTICK
  +--> ?PR?INPUT_SIGNAL_INIT?OUTPUT
  +--> ?PR?GET_TIMER1_SYSTEMTICK?SYSTICK
BL51 BANKED LINKER/LOCATER V6.22.4.0                                                  09/27/2024  10:00:24  PAGE 7


  +--> ?PR?EXTERNAL_BUTTON_POLL_BLOCKED?OUTPUT
  +--> ?PR?BEEPER_ONCE?MAIN
  +--> ?PR?WATER_IS_NOT_SHORT?MAIN
  +--> ?PR?START_SPRAY?MAIN
  +--> ?PR?STOP_SPRAY?MAIN
  +--> ?PR?_TIMER1_DELAY2DOT54MS_BLOCKED?SYS...
  +--> ?PR?READSTARTCOUNTER?MAIN
  +--> ?PR?READSTOPCOUNTER?MAIN
  +--> ?PR?READSTOPMULTIPLIER?MAIN
  +--> ?PR?READSTARTMULTIPLIER?MAIN

?PR?_MODIFY_HIRC?SYS                             0011H    0003H      -----    -----

?PR?EXTERNAL_BUTTON_POLL_BLOCKED?OUTPUT          -----    -----      -----    -----
  +--> ?PR?GET_TIMER1_SYSTEMTICK?SYSTICK
  +--> ?PR?_TIMER1_DELAY2DOT54MS_BLOCKED?SYS...

?PR?WATER_IS_NOT_SHORT?MAIN                      -----    -----      02A7H    0004H
  +--> ?PR?GET_TIMER1_SYSTEMTICK?SYSTICK
  +--> ?PR?READWATERSHORTLEVEL?MAIN
  +--> ?PR?READWATERSHORTDELAY?MAIN
  +--> ?PR?DISPLAY_WHEN_WATER_IS_SHORT?MAIN
  +--> ?PR?BEEPER_ONCE?MAIN

?PR?START_SPRAY?MAIN                             -----    -----      02A7H    0006H
  +--> ?PR?RELAY_EFFECTIVE?OUTPUT
  +--> ?PR?GET_TIMER1_SYSTEMTICK?SYSTICK
  +--> ?PR?_TIMER1_DELAY2DOT54MS_BLOCKED?SYS...
  +--> ?PR?EXTERNAL_BUTTON_POLL_BLOCKED?OUTPUT
  +--> ?PR?BEEPER_ONCE?MAIN
  +--> ?PR?RELAY_INEFFECTIVE?OUTPUT
  +--> ?PR?_WRITE_DATAFLASH_BYTE?EEPROM

?PR?STOP_SPRAY?MAIN                              -----    -----      02A7H    0006H
  +--> ?PR?RELAY_INEFFECTIVE?OUTPUT
  +--> ?PR?GET_TIMER1_SYSTEMTICK?SYSTICK
  +--> ?PR?_TIMER1_DELAY2DOT54MS_BLOCKED?SYS...
  +--> ?PR?EXTERNAL_BUTTON_POLL_BLOCKED?OUTPUT
  +--> ?PR?BEEPER_ONCE?MAIN
  +--> ?PR?_WRITE_DATAFLASH_BYTE?EEPROM

*** NEW ROOT ***************************************************

?PR?TIMER1_ISR?SYSTICK                           -----    -----      -----    -----
  +--> ?PR?USER_SYSTEMTICK_CALLBACK?SYSTICK

*** NEW ROOT ***************************************************

?PR?CAPTURE_ISR?SYSTICK                          -----    -----      -----    -----
  +--> ?PR?DECODE?SYSTICK

?PR?DECODE?SYSTICK                               -----    -----      02B5H    0008H
  +--> ?PR?GETRFBUTTONCODE?SYSTICK
  +--> ?PR?SAVETOFLASH?SYSTICK
  +--> ?PR?MATCH?SYSTICK

?PR?GETRFBUTTONCODE?SYSTICK                      -----    -----      02BDH    0002H
BL51 BANKED LINKER/LOCATER V6.22.4.0                                                  09/27/2024  10:00:24  PAGE 8


  +--> ?PR?ONEFRAMERECEIVED?SYSTICK



SYMBOL TABLE OF MODULE:  .\Objects\spray (?C_STARTUP)

  VALUE           TYPE          NAME
  ----------------------------------

  -------         MODULE        ?C_STARTUP
  C:2CFDH         SEGMENT       ?C_C51STARTUP
  I:0021H         SEGMENT       ?STACK
  C:0000H         PUBLIC        ?C_STARTUP
  D:00E0H         SYMBOL        ACC
  D:00F0H         SYMBOL        B
  D:0083H         SYMBOL        DPH
  D:0082H         SYMBOL        DPL
  N:0000H         SYMBOL        IBPSTACK
  N:0100H         SYMBOL        IBPSTACKTOP
  N:0080H         SYMBOL        IDATALEN
  C:2D00H         SYMBOL        IDATALOOP
  N:0000H         SYMBOL        PBPSTACK
  N:0000H         SYMBOL        PBPSTACKTOP
  N:0000H         SYMBOL        PDATALEN
  N:0000H         SYMBOL        PDATASTART
  N:0000H         SYMBOL        PPAGE
  N:0000H         SYMBOL        PPAGEENABLE
  D:00A0H         SYMBOL        PPAGE_SFR
  D:0081H         SYMBOL        SP
  C:2CFDH         SYMBOL        STARTUP1
  N:0000H         SYMBOL        XBPSTACK
  N:0000H         SYMBOL        XBPSTACKTOP
  N:07FFH         SYMBOL        XDATALEN
  C:2D0BH         SYMBOL        XDATALOOP
  N:0000H         SYMBOL        XDATASTART
  C:0000H         LINE#         91
  C:2CFDH         LINE#         106
  C:2CFFH         LINE#         107
  C:2D00H         LINE#         108
  C:2D01H         LINE#         109
  C:2D03H         LINE#         113
  C:2D06H         LINE#         114
  C:2D08H         LINE#         116
  C:2D0AH         LINE#         120
  C:2D0BH         LINE#         121
  C:2D0CH         LINE#         122
  C:2D0DH         LINE#         123
  C:2D0FH         LINE#         124
  C:2D11H         LINE#         158
  C:2D14H         LINE#         162
  -------         ENDMOD        ?C_STARTUP

  -------         MODULE        ?RTX51_TINY_KERNAL
  C:3512H         SEGMENT       ?RTX?TASKENT?S
  I:001AH         SEGMENT       ?RTX?TASKSP?S
  I:0014H         SEGMENT       ?RTX?TASKSTATE?S
  B:0020H.0       SEGMENT       ?RTX?BITS
BL51 BANKED LINKER/LOCATER V6.22.4.0                                                  09/27/2024  10:00:24  PAGE 9


  C:1C73H         SEGMENT       ?RTX?CODE
  C:1CC2H         PUBLIC        ?RTX?SET_ISR
  D:000CH         PUBLIC        ?RTX_CURRENTTASK
  D:0007H         PUBLIC        ?RTX_NEXTID
  C:1D05H         PUBLIC        ?RTX_NEXTTASK
  N:00FFH         PUBLIC        ?RTX_RAMTOP
  C:3512H         PUBLIC        ?RTX_TASKENTRY
  C:1DE4H         PUBLIC        ?RTX_TASKIDX
  I:001AH         PUBLIC        ?RTX_TASKSP
  I:0014H         PUBLIC        ?RTX_TASKSTATUS
  C:1DA8H         PUBLIC        MAIN
  C:1CEEH         PUBLIC        OS_SWITCH_TASK
  C:1CF7H         SYMBOL        ?C0001
  C:1D01H         SYMBOL        ?C0003
  C:1D06H         SYMBOL        ?C0005
  C:1D20H         SYMBOL        ?C0007
  C:1D22H         SYMBOL        ?C0009
  C:1D2CH         SYMBOL        ?C0011
  C:1D59H         SYMBOL        ?C0012
  C:1D3FH         SYMBOL        ?C0013
  C:1D44H         SYMBOL        ?C0015
  C:1D4FH         SYMBOL        ?C0016
  N:0000H         SYMBOL        ?RTX51_TINY_KERNAL
  N:D8F0H         SYMBOL        ?RTX_CLOCK
  N:0008H         SYMBOL        ?RTX_REGISTERBANK
  D:000DH         SYMBOL        ?RTX_ROBINTIME
  D:000AH         SYMBOL        ?RTX_SAVEACC
  D:000BH         SYMBOL        ?RTX_SAVEPSW
  C:1C73H         SYMBOL        ?RTX_STACKERROR
  C:1CC6H         SYMBOL        ?RTX_TASKSWITCHING
  B:0020H.0       SYMBOL        ?RTX_TS_DELAY
  D:00E0H         SYMBOL        ACC
  D:00F0H         SYMBOL        B
  N:0005H         SYMBOL        B_ACTIVE
  N:0007H         SYMBOL        B_IVL
  N:0007H         SYMBOL        B_RDY
  N:0004H         SYMBOL        B_READY
  N:0006H         SYMBOL        B_ROBIN
  N:0002H         SYMBOL        B_SIGNAL
  N:0003H         SYMBOL        B_TIMEOUT
  N:0000H         SYMBOL        B_WAITSIG
  N:0001H         SYMBOL        B_WAITTIM
  C:1CC3H         SYMBOL        CHECKROBINTIME
  C:1C9DH         SYMBOL        CHECKSTACK
  N:0000H         SYMBOL        CODE_BANKING
  N:0000H         SYMBOL        CPU_IDLE_CODE
  D:0083H         SYMBOL        DPH
  D:0082H         SYMBOL        DPL
  B:00A8H.7       SYMBOL        EA
  B:00A8H.4       SYMBOL        ES
  B:00A8H.1       SYMBOL        ET0
  B:00A8H.3       SYMBOL        ET1
  B:00A8H.0       SYMBOL        EX0
  B:00A8H.2       SYMBOL        EX1
  N:0014H         SYMBOL        FREE_STACK
  C:1C77H         SYMBOL        HW_TIMER
  D:00A8H         SYMBOL        IE
BL51 BANKED LINKER/LOCATER V6.22.4.0                                                  09/27/2024  10:00:24  PAGE 10


  B:0088H.1       SYMBOL        IE0
  B:0088H.3       SYMBOL        IE1
  N:2710H         SYMBOL        INT_CLOCK
  N:0001H         SYMBOL        INT_REGBANK
  B:0088H.0       SYMBOL        IT0
  B:0088H.2       SYMBOL        IT1
  N:0020H         SYMBOL        K_ACTIVE
  N:0080H         SYMBOL        K_IVL
  N:0080H         SYMBOL        K_RDY
  N:0010H         SYMBOL        K_READY
  N:0040H         SYMBOL        K_ROBIN
  N:0001H         SYMBOL        K_SIG
  N:0002H         SYMBOL        K_TMO
  N:0000H         SYMBOL        LONG_USR_INTR
  C:1DB1H         SYMBOL        MAIN1
  C:1DBBH         SYMBOL        MAIN1X
  C:1DB6H         SYMBOL        MAIN2
  C:1D7CH         SYMBOL        NOEVENT
  C:1CC2H         SYMBOL        NOROBINTIMEOUT
  C:1CB9H         SYMBOL        NOTIMEOUT
  C:1CB7H         SYMBOL        NOWAITTIMEOUT
  C:1CEEH         SYMBOL        OS_SWITCH_TASK1
  D:0087H         SYMBOL        PCON
  D:00D0H         SYMBOL        PSW
  N:00FFH         SYMBOL        RAMTOP
  N:0080H         SYMBOL        RDY_EVENT
  C:1D88H         SYMBOL        ROBINON
  C:1D70H         SYMBOL        SIGNALOFF
  C:1D7CH         SYMBOL        SIGNALON
  N:0004H         SYMBOL        SIG_EVENT
  D:0081H         SYMBOL        SP
  I:0015H         SYMBOL        TASKSTATE
  D:0088H         SYMBOL        TCON
  B:0088H.5       SYMBOL        TF0
  B:0088H.7       SYMBOL        TF1
  D:008CH         SYMBOL        TH0
  D:008DH         SYMBOL        TH1
  C:1D78H         SYMBOL        TIMEOUTON
  C:1C78H         SYMBOL        TIMERINT
  C:1CA9H         SYMBOL        TIMERLOOP
  I:0014H         SYMBOL        TIMERVAL
  N:000AH         SYMBOL        TIMESHARING
  D:008AH         SYMBOL        TL0
  D:008BH         SYMBOL        TL1
  D:0089H         SYMBOL        TMOD
  N:0008H         SYMBOL        TMO_EVENT
  B:0088H.4       SYMBOL        TR0
  B:0088H.6       SYMBOL        TR1
  C:000BH         LINE#         271
  C:1C73H         LINE#         279
  C:1C75H         LINE#         279
  C:1C77H         LINE#         282
  C:1C78H         LINE#         299
  C:1C7BH         LINE#         301
  C:1C7EH         LINE#         302
  C:1C81H         LINE#         303
  C:1C83H         LINE#         305
BL51 BANKED LINKER/LOCATER V6.22.4.0                                                  09/27/2024  10:00:24  PAGE 11


  C:1C85H         LINE#         306
  C:1C87H         LINE#         307
  C:1C89H         LINE#         308
  C:1C8BH         LINE#         309
  C:1C8DH         LINE#         310
  C:1C8FH         LINE#         311
  C:1C91H         LINE#         312
  C:1C93H         LINE#         316
  C:1C94H         LINE#         317
  C:1C96H         LINE#         318
  C:1C97H         LINE#         319
  C:1C98H         LINE#         320
  C:1C9BH         LINE#         321
  C:1C9DH         LINE#         322
  C:1C9EH         LINE#         323
  C:1CA0H         LINE#         324
  C:1CA3H         LINE#         325
  C:1CA5H         LINE#         329
  C:1CA7H         LINE#         330
  C:1CA9H         LINE#         331
  C:1CAAH         LINE#         332
  C:1CABH         LINE#         333
  C:1CACH         LINE#         334
  C:1CAEH         LINE#         335
  C:1CB0H         LINE#         336
  C:1CB1H         LINE#         337
  C:1CB4H         LINE#         338
  C:1CB6H         LINE#         339
  C:1CB7H         LINE#         340
  C:1CB9H         LINE#         341
  C:1CBAH         LINE#         342
  C:1CBCH         LINE#         344
  C:1CBDH         LINE#         345
  C:1CBFH         LINE#         360
  C:1CC2H         LINE#         366
  C:1CC3H         LINE#         367
  C:1CC6H         LINE#         370
  C:1CC8H         LINE#         371
  C:1CCAH         LINE#         372
  C:1CCCH         LINE#         373
  C:1CCEH         LINE#         374
  C:1CD0H         LINE#         375
  C:1CD2H         LINE#         376
  C:1CD4H         LINE#         377
  C:1CD6H         LINE#         378
  C:1CD8H         LINE#         379
  C:1CDAH         LINE#         380
  C:1CDCH         LINE#         381
  C:1CDEH         LINE#         382
  C:1CE0H         LINE#         387
  C:1CE2H         LINE#         388
  C:1CE3H         LINE#         389
  C:1CE5H         LINE#         390
  C:1CE6H         LINE#         391
  C:1CE8H         LINE#         392
  C:1CEAH         LINE#         393
  C:1CEBH         LINE#         394
BL51 BANKED LINKER/LOCATER V6.22.4.0                                                  09/27/2024  10:00:24  PAGE 12


  C:1CECH         LINE#         395
  C:1CEEH         LINE#         424
  C:1CF0H         LINE#         426
  C:1CF2H         LINE#         427
  C:1CF3H         LINE#         429
  C:1CF4H         LINE#         430
  C:1CF6H         LINE#         431
  C:1CF7H         LINE#         434
  C:1CF8H         LINE#         435
  C:1CF9H         LINE#         436
  C:1CFAH         LINE#         444
  C:1CFDH         LINE#         445
  C:1CFFH         LINE#         446
  C:1D01H         LINE#         449
  C:1D02H         LINE#         450
  C:1D05H         LINE#         458
  C:1D06H         LINE#         462
  C:1D08H         LINE#         463
  C:1D09H         LINE#         464
  C:1D0AH         LINE#         465
  C:1D0CH         LINE#         468
  C:1D0EH         LINE#         470
  C:1D10H         LINE#         471
  C:1D12H         LINE#         472
  C:1D13H         LINE#         473
  C:1D14H         LINE#         474
  C:1D15H         LINE#         476
  C:1D17H         LINE#         478
  C:1D18H         LINE#         479
  C:1D19H         LINE#         480
  C:1D1BH         LINE#         481
  C:1D1EH         LINE#         482
  C:1D20H         LINE#         484
  C:1D21H         LINE#         485
  C:1D22H         LINE#         490
  C:1D23H         LINE#         491
  C:1D24H         LINE#         492
  C:1D26H         LINE#         496
  C:1D27H         LINE#         497
  C:1D28H         LINE#         498
  C:1D2AH         LINE#         499
  C:1D2CH         LINE#         505
  C:1D2EH         LINE#         506
  C:1D2FH         LINE#         507
  C:1D30H         LINE#         508
  C:1D32H         LINE#         510
  C:1D34H         LINE#         511
  C:1D36H         LINE#         512
  C:1D37H         LINE#         513
  C:1D38H         LINE#         516
  C:1D3AH         LINE#         517
  C:1D3DH         LINE#         518
  C:1D3FH         LINE#         520
  C:1D40H         LINE#         522
  C:1D41H         LINE#         523
  C:1D42H         LINE#         524
  C:1D43H         LINE#         525
BL51 BANKED LINKER/LOCATER V6.22.4.0                                                  09/27/2024  10:00:24  PAGE 13


  C:1D44H         LINE#         529
  C:1D46H         LINE#         530
  C:1D47H         LINE#         531
  C:1D49H         LINE#         535
  C:1D4BH         LINE#         536
  C:1D4CH         LINE#         537
  C:1D4DH         LINE#         539
  C:1D4FH         LINE#         543
  C:1D51H         LINE#         544
  C:1D53H         LINE#         545
  C:1D54H         LINE#         546
  C:1D55H         LINE#         548
  C:1D57H         LINE#         549
  C:1D59H         LINE#         555
  C:1D5CH         LINE#         559
  C:1D5EH         LINE#         560
  C:1D5FH         LINE#         561
  C:1D61H         LINE#         562
  C:1D62H         LINE#         563
  C:1D64H         LINE#         564
  C:1D66H         LINE#         565
  C:1D67H         LINE#         567
  C:1D6AH         LINE#         571
  C:1D6DH         LINE#         572
  C:1D70H         LINE#         576
  C:1D72H         LINE#         577
  C:1D75H         LINE#         578
  C:1D78H         LINE#         580
  C:1D7AH         LINE#         581
  C:1D7CH         LINE#         583
  C:1D7EH         LINE#         584
  C:1D7FH         LINE#         585
  C:1D81H         LINE#         587
  C:1D83H         LINE#         588
  C:1D85H         LINE#         594
  C:1D87H         LINE#         595
  C:1D88H         LINE#         608
  C:1D89H         LINE#         609
  C:1D8BH         LINE#         614
  C:1D8DH         LINE#         615
  C:1D8FH         LINE#         616
  C:1D91H         LINE#         617
  C:1D93H         LINE#         618
  C:1D95H         LINE#         619
  C:1D97H         LINE#         620
  C:1D99H         LINE#         621
  C:1D9BH         LINE#         622
  C:1D9DH         LINE#         623
  C:1D9FH         LINE#         624
  C:1DA1H         LINE#         625
  C:1DA3H         LINE#         626
  C:1DA5H         LINE#         627
  C:1DA7H         LINE#         628
  C:1DA8H         LINE#         642
  C:1DAAH         LINE#         643
  C:1DACH         LINE#         644
  C:1DAEH         LINE#         645
BL51 BANKED LINKER/LOCATER V6.22.4.0                                                  09/27/2024  10:00:24  PAGE 14


  C:1DB0H         LINE#         646
  C:1DB1H         LINE#         647
  C:1DB2H         LINE#         648
  C:1DB4H         LINE#         649
  C:1DB6H         LINE#         650
  C:1DB8H         LINE#         651
  C:1DB9H         LINE#         652
  C:1DBBH         LINE#         653
  C:1DBCH         LINE#         654
  C:1DBDH         LINE#         655
  C:1DBEH         LINE#         656
  C:1DBFH         LINE#         657
  C:1DC1H         LINE#         658
  C:1DC3H         LINE#         659
  C:1DC5H         LINE#         660
  C:1DC8H         LINE#         661
  C:1DCAH         LINE#         662
  C:1DCBH         LINE#         663
  C:1DCDH         LINE#         664
  C:1DCEH         LINE#         665
  C:1DCFH         LINE#         666
  C:1DD1H         LINE#         668
  C:1DD4H         LINE#         670
  C:1DD7H         LINE#         671
  C:1DDAH         LINE#         672
  C:1DDDH         LINE#         673
  C:1DDFH         LINE#         674
  C:1DE1H         LINE#         675
  C:1DE3H         LINE#         676
  -------         ENDMOD        ?RTX51_TINY_KERNAL

  -------         MODULE        MAIN
  C:0000H         SYMBOL        _ICE_DUMMY_
  C:331DH         PUBLIC        beeper_once
  D:00B3H         PUBLIC        P1M1
  D:0080H         PUBLIC        P0
  D:00B4H         PUBLIC        P1M2
  D:0090H         PUBLIC        P1
  D:00A0H         PUBLIC        P2
  D:00B0H         PUBLIC        P3
  B:00A8H.7       PUBLIC        EA
  D:00D8H         PUBLIC        PWMCON0
  C:0066H         PUBLIC        refresh_led
  D:00A8H         PUBLIC        IE
  X:033FH         PUBLIC        blinkFlag
  C:26F3H         PUBLIC        learn_code
  D:00C7H         PUBLIC        TA
  C:350BH         PUBLIC        readStartCounter
  X:0343H         PUBLIC        start_counter
  D:00B8H         PUBLIC        IP
  C:216EH         PUBLIC        writeFlash
  X:0345H         PUBLIC        button
  C:33ECH         PUBLIC        readRightMode
  X:0346H         PUBLIC        right_mode
  C:25A0H         PUBLIC        water_is_not_short
  C:34D7H         PUBLIC        readWaterShortDelay
  C:346AH         PUBLIC        readStopCounter
BL51 BANKED LINKER/LOCATER V6.22.4.0                                                  09/27/2024  10:00:24  PAGE 15


  X:0347H         PUBLIC        delay_water_short
  C:2809H         PUBLIC        startup_task
  X:0349H         PUBLIC        stop_counter
  X:034BH         PUBLIC        tm1650
  B:0090H.0       PUBLIC        P10
  C:33D0H         PUBLIC        readLeftMode
  D:0098H         PUBLIC        SCON
  C:34C8H         PUBLIC        readWaterShortLevel
  X:0365H         PUBLIC        left_mode
  X:0366H         PUBLIC        stopReason
  D:0088H         PUBLIC        TCON
  X:0368H         PUBLIC        level_water_short
  X:036AH         PUBLIC        dotBlinkFlag
  D:0091H         PUBLIC        SFRS
  X:036EH         PUBLIC        prevButton
  C:22D8H         PUBLIC        start_spray
  C:308DH         PUBLIC        display_when_learn_complete
  X:0375H         PUBLIC        dotFlag
  D:00F8H         PUBLIC        SCON_1
  C:3149H         PUBLIC        display_when_learning
  X:0379H         PUBLIC        learning
  X:037BH         PUBLIC        displayBuffer
  D:00E8H         PUBLIC        ADCCON0
  C:2003H         PUBLIC        stop_spray
  D:00C0H         PUBLIC        I2CON
  C:003DH         PUBLIC        readStartMultiplier
  X:037FH         PUBLIC        start_multiplier
  C:2E29H         PUBLIC        business_logic
  C:0CE1H         PUBLIC        right_business_logic
  X:0381H         PUBLIC        g_button
  D:00C8H         PUBLIC        T2CON
  C:3291H         PUBLIC        display_when_water_is_short
  C:10BCH         PUBLIC        left_business_logic
  X:0383H         PUBLIC        spraying
  C:32F8H         PUBLIC        readStopMultiplier
  B:0080H.3       PUBLIC        beeper
  X:0385H         PUBLIC        stop_multiplier
  B:00B0H.0       PUBLIC        water_short_ex_button
  D:00D0H         PUBLIC        PSW
  -------         PROC          DISPLAY_WHEN_LEARNING
  C:3149H         LINE#         113
  C:3149H         LINE#         114
  C:3149H         LINE#         115
  C:3158H         LINE#         116
  C:3158H         LINE#         117
  C:315EH         LINE#         118
  C:3160H         LINE#         119
  C:3162H         LINE#         120
  C:3164H         LINE#         121
  C:3171H         LINE#         122
  C:3174H         LINE#         123
  C:317FH         LINE#         124
  C:3184H         LINE#         125
  C:3184H         LINE#         128
  -------         ENDPROC       DISPLAY_WHEN_LEARNING
  -------         PROC          DISPLAY_WHEN_WATER_IS_SHORT
  C:3291H         LINE#         131
BL51 BANKED LINKER/LOCATER V6.22.4.0                                                  09/27/2024  10:00:24  PAGE 16


  C:3291H         LINE#         132
  C:3291H         LINE#         134
  C:3297H         LINE#         135
  C:3299H         LINE#         136
  C:329BH         LINE#         137
  C:329DH         LINE#         138
  C:32AFH         LINE#         139
  C:32C1H         LINE#         140
  -------         ENDPROC       DISPLAY_WHEN_WATER_IS_SHORT
  -------         PROC          DISPLAY_WHEN_LEARN_COMPLETE
  C:308DH         LINE#         141
  C:308DH         LINE#         142
  C:308DH         LINE#         143
  C:309CH         LINE#         144
  C:30A2H         LINE#         145
  C:30A4H         LINE#         146
  C:30A6H         LINE#         147
  C:30A8H         LINE#         148
  C:30BAH         LINE#         149
  C:30C7H         LINE#         150
  C:30CBH         LINE#         151
  C:30CBH         LINE#         154
  -------         ENDPROC       DISPLAY_WHEN_LEARN_COMPLETE
  -------         PROC          LEFT_BUSINESS_LOGIC
  C:10BCH         LINE#         157
  C:10BCH         LINE#         158
  C:10BCH         LINE#         159
  C:10FAH         LINE#         160
  C:10FAH         LINE#         161
  C:10FAH         LINE#         162
  C:1100H         LINE#         163
  C:1104H         LINE#         164
  C:1109H         LINE#         165
  C:110CH         LINE#         166
  C:1115H         LINE#         167
  C:111DH         LINE#         169
  C:1125H         LINE#         170
  C:1128H         LINE#         171
  C:112CH         LINE#         172
  C:112FH         LINE#         173
  C:1133H         LINE#         174
  C:1136H         LINE#         175
  C:113AH         LINE#         176
  C:113AH         LINE#         177
  C:113AH         LINE#         178
  C:113DH         LINE#         179
  C:1145H         LINE#         180
  C:1145H         LINE#         181
  C:1145H         LINE#         182
  C:1145H         LINE#         183
  C:1145H         LINE#         184
  C:1148H         LINE#         185
  C:1148H         LINE#         186
  C:114EH         LINE#         187
  C:1152H         LINE#         188
  C:1157H         LINE#         189
  C:115AH         LINE#         190
BL51 BANKED LINKER/LOCATER V6.22.4.0                                                  09/27/2024  10:00:24  PAGE 17


  C:1163H         LINE#         191
  C:116CH         LINE#         193
  C:1174H         LINE#         194
  C:1177H         LINE#         195
  C:117BH         LINE#         196
  C:117EH         LINE#         197
  C:1182H         LINE#         198
  C:1185H         LINE#         199
  C:1189H         LINE#         200
  C:1189H         LINE#         201
  C:1189H         LINE#         202
  C:118CH         LINE#         203
  C:1194H         LINE#         204
  C:1194H         LINE#         205
  C:1194H         LINE#         206
  C:1194H         LINE#         207
  C:1194H         LINE#         208
  C:1197H         LINE#         209
  C:1197H         LINE#         210
  C:119DH         LINE#         211
  C:11A1H         LINE#         212
  C:11A6H         LINE#         213
  C:11A9H         LINE#         214
  C:11B2H         LINE#         215
  C:11BCH         LINE#         217
  C:11C4H         LINE#         218
  C:11C7H         LINE#         219
  C:11CBH         LINE#         220
  C:11CEH         LINE#         221
  C:11D2H         LINE#         222
  C:11D9H         LINE#         223
  C:11DDH         LINE#         224
  C:11DDH         LINE#         225
  C:11DDH         LINE#         226
  C:11E0H         LINE#         227
  C:11E8H         LINE#         228
  C:11E8H         LINE#         229
  C:11E8H         LINE#         230
  C:11E8H         LINE#         231
  C:11E8H         LINE#         232
  C:11EBH         LINE#         233
  C:11EBH         LINE#         234
  C:11F1H         LINE#         235
  C:11F5H         LINE#         236
  C:11FAH         LINE#         237
  C:11FDH         LINE#         238
  C:1206H         LINE#         239
  C:1210H         LINE#         241
  C:1218H         LINE#         242
  C:121BH         LINE#         243
  C:121FH         LINE#         244
  C:1222H         LINE#         245
  C:1226H         LINE#         246
  C:122DH         LINE#         247
  C:1231H         LINE#         248
  C:1231H         LINE#         249
  C:1231H         LINE#         250
BL51 BANKED LINKER/LOCATER V6.22.4.0                                                  09/27/2024  10:00:24  PAGE 18


  C:1234H         LINE#         251
  C:123CH         LINE#         252
  C:123CH         LINE#         253
  C:123CH         LINE#         254
  C:123CH         LINE#         255
  C:123CH         LINE#         256
  C:123FH         LINE#         257
  C:123FH         LINE#         258
  C:1245H         LINE#         259
  C:1249H         LINE#         260
  C:124EH         LINE#         261
  C:1251H         LINE#         262
  C:125AH         LINE#         263
  C:1264H         LINE#         265
  C:126CH         LINE#         266
  C:126EH         LINE#         267
  C:1272H         LINE#         268
  C:1279H         LINE#         269
  C:127DH         LINE#         270
  C:1284H         LINE#         271
  C:1288H         LINE#         272
  C:1288H         LINE#         273
  C:1288H         LINE#         274
  C:128BH         LINE#         275
  C:1293H         LINE#         276
  C:1293H         LINE#         277
  C:1293H         LINE#         278
  C:1293H         LINE#         279
  C:1293H         LINE#         280
  C:1296H         LINE#         281
  C:1296H         LINE#         282
  C:129CH         LINE#         283
  C:12A0H         LINE#         284
  C:12A5H         LINE#         285
  C:12A8H         LINE#         286
  C:12B1H         LINE#         287
  C:12BAH         LINE#         289
  C:12C2H         LINE#         290
  C:12C9H         LINE#         291
  C:12CDH         LINE#         292
  C:12D4H         LINE#         293
  C:12D8H         LINE#         294
  C:12DFH         LINE#         295
  C:12E3H         LINE#         296
  C:12E3H         LINE#         297
  C:12E3H         LINE#         298
  C:12E6H         LINE#         299
  C:12EEH         LINE#         300
  C:12EEH         LINE#         301
  C:12EEH         LINE#         302
  C:12EEH         LINE#         303
  C:12EEH         LINE#         304
  C:12F1H         LINE#         305
  C:12F1H         LINE#         306
  C:1302H         LINE#         307
  C:1302H         LINE#         308
  C:130BH         LINE#         309
BL51 BANKED LINKER/LOCATER V6.22.4.0                                                  09/27/2024  10:00:24  PAGE 19


  C:132BH         LINE#         310
  C:133BH         LINE#         311
  C:1358H         LINE#         314
  C:1358H         LINE#         315
  C:135EH         LINE#         316
  C:1361H         LINE#         317
  C:1363H         LINE#         319
  C:1364H         LINE#         320
  C:1366H         LINE#         321
  C:1379H         LINE#         322
  C:1379H         LINE#         323
  C:137CH         LINE#         324
  C:137EH         LINE#         326
  C:137EH         LINE#         327
  C:1387H         LINE#         328
  C:138BH         LINE#         329
  C:138DH         LINE#         330
  C:1395H         LINE#         331
  C:1395H         LINE#         333
  C:139CH         LINE#         334
  C:13A5H         LINE#         335
  C:13ADH         LINE#         336
  C:13ADH         LINE#         337
  C:13B9H         LINE#         338
  C:13C0H         LINE#         340
  C:13CEH         LINE#         342
  C:13CFH         LINE#         343
  C:13D3H         LINE#         344
  C:13D3H         LINE#         345
  C:13DDH         LINE#         346
  C:13E6H         LINE#         348
  C:13F4H         LINE#         349
  C:13F5H         LINE#         350
  C:13FDH         LINE#         351
  C:13FDH         LINE#         352
  C:1403H         LINE#         353
  C:1404H         LINE#         354
  C:1409H         LINE#         355
  C:1409H         LINE#         356
  C:140FH         LINE#         357
  C:1415H         LINE#         358
  C:1415H         LINE#         359
  C:1416H         LINE#         360
  C:1416H         LINE#         361
  C:1420H         LINE#         362
  C:1420H         LINE#         363
  C:1423H         LINE#         364
  C:1423H         LINE#         366
  C:1423H         LINE#         367
  C:1426H         LINE#         368
  C:1426H         LINE#         369
  C:1426H         LINE#         370
  C:1426H         LINE#         371
  C:142FH         LINE#         372
  C:1435H         LINE#         373
  C:1439H         LINE#         374
  C:143EH         LINE#         375
BL51 BANKED LINKER/LOCATER V6.22.4.0                                                  09/27/2024  10:00:24  PAGE 20


  C:1441H         LINE#         376
  C:1449H         LINE#         377
  C:144DH         LINE#         378
  C:1453H         LINE#         379
  C:1453H         LINE#         380
  C:1454H         LINE#         381
  C:1454H         LINE#         382
  C:145DH         LINE#         383
  C:1463H         LINE#         384
  C:1467H         LINE#         385
  C:146CH         LINE#         386
  C:146FH         LINE#         387
  C:1476H         LINE#         388
  C:1476H         LINE#         389
  C:147CH         LINE#         390
  C:1482H         LINE#         391
  C:1482H         LINE#         392
  C:1482H         LINE#         393
  C:1482H         LINE#         394
  C:1482H         LINE#         395
  C:1482H         LINE#         397
  -------         ENDPROC       LEFT_BUSINESS_LOGIC
  -------         PROC          WATER_IS_NOT_SHORT
  -------         DO            
  X:02A7H         SYMBOL        water_present
  X:02A9H         SYMBOL        now
  -------         ENDDO         
  C:25A0H         LINE#         398
  C:25A0H         LINE#         399
  C:25A0H         LINE#         400
  C:25A8H         LINE#         401
  C:25AEH         LINE#         402
  C:25B1H         LINE#         403
  C:25BCH         LINE#         404
  C:25FDH         LINE#         405
  C:25FDH         LINE#         406
  C:2606H         LINE#         407
  C:2609H         LINE#         408
  C:2610H         LINE#         409
  C:261CH         LINE#         410
  C:261CH         LINE#         411
  C:261FH         LINE#         412
  C:2623H         LINE#         413
  C:2626H         LINE#         414
  C:2626H         LINE#         415
  C:2632H         LINE#         416
  C:2632H         LINE#         417
  C:2635H         LINE#         418
  C:263CH         LINE#         419
  C:263CH         LINE#         420
  C:263FH         LINE#         421
  C:265AH         LINE#         422
  C:265AH         LINE#         423
  C:265EH         LINE#         424
  C:2661H         LINE#         425
  C:2661H         LINE#         426
  C:2674H         LINE#         427
BL51 BANKED LINKER/LOCATER V6.22.4.0                                                  09/27/2024  10:00:24  PAGE 21


  C:2674H         LINE#         428
  C:267FH         LINE#         429
  C:2688H         LINE#         430
  C:26D8H         LINE#         431
  C:26DAH         LINE#         432
  C:26E4H         LINE#         433
  C:26E9H         LINE#         434
  C:26E9H         LINE#         435
  C:26F0H         LINE#         436
  C:26F2H         LINE#         437
  C:26F2H         LINE#         438
  -------         ENDPROC       WATER_IS_NOT_SHORT
  -------         PROC          START_SPRAY
  -------         DO            
  X:02A7H         SYMBOL        start_counter_backup
  X:02A9H         SYMBOL        cnt
  X:02ABH         SYMBOL        now
  -------         ENDDO         
  C:22D8H         LINE#         439
  C:22D8H         LINE#         440
  C:22D8H         LINE#         441
  C:22EFH         LINE#         442
  C:22FEH         LINE#         443
  C:2303H         LINE#         444
  C:230EH         LINE#         445
  C:230EH         LINE#         446
  C:2320H         LINE#         447
  C:2320H         LINE#         449
  C:2323H         LINE#         450
  C:232BH         LINE#         451
  C:233AH         LINE#         452
  C:2345H         LINE#         453
  C:237DH         LINE#         454
  C:239DH         LINE#         455
  C:23B1H         LINE#         457
  C:23B1H         LINE#         458
  C:23B4H         LINE#         459
  C:23B7H         LINE#         460
  C:23BEH         LINE#         461
  C:23BEH         LINE#         462
  C:23BEH         LINE#         463
  C:23C0H         LINE#         464
  C:23C0H         LINE#         465
  C:23CCH         LINE#         466
  C:23CCH         LINE#         467
  C:23CFH         LINE#         468
  C:23D6H         LINE#         469
  C:23D9H         LINE#         470
  C:23ECH         LINE#         471
  C:23ECH         LINE#         472
  C:23F4H         LINE#         473
  C:2404H         LINE#         474
  C:2412H         LINE#         475
  C:2415H         LINE#         476
  C:2415H         LINE#         477
  C:2415H         LINE#         478
  C:2423H         LINE#         479
BL51 BANKED LINKER/LOCATER V6.22.4.0                                                  09/27/2024  10:00:24  PAGE 22


  C:2426H         LINE#         480
  C:2426H         LINE#         481
  C:2436H         LINE#         482
  C:243EH         LINE#         483
  C:2440H         LINE#         484
  -------         ENDPROC       START_SPRAY
  -------         PROC          STOP_SPRAY
  -------         DO            
  X:02A7H         SYMBOL        cnt
  X:02A9H         SYMBOL        stop_counter_backup
  X:02ABH         SYMBOL        now
  -------         ENDDO         
  C:2003H         LINE#         486
  C:2003H         LINE#         487
  C:2003H         LINE#         488
  C:2012H         LINE#         489
  C:2029H         LINE#         490
  C:202EH         LINE#         491
  C:2039H         LINE#         492
  C:2039H         LINE#         493
  C:203CH         LINE#         494
  C:2045H         LINE#         495
  C:2057H         LINE#         496
  C:2057H         LINE#         497
  C:2066H         LINE#         498
  C:2071H         LINE#         499
  C:20A9H         LINE#         500
  C:20C9H         LINE#         501
  C:20DBH         LINE#         503
  C:20DBH         LINE#         504
  C:20DEH         LINE#         505
  C:20E5H         LINE#         506
  C:20E5H         LINE#         507
  C:20E5H         LINE#         508
  C:20E7H         LINE#         509
  C:20E7H         LINE#         510
  C:20F3H         LINE#         511
  C:20F3H         LINE#         512
  C:20F6H         LINE#         513
  C:20FDH         LINE#         514
  C:2100H         LINE#         515
  C:2113H         LINE#         516
  C:2113H         LINE#         517
  C:211BH         LINE#         518
  C:212BH         LINE#         519
  C:2139H         LINE#         520
  C:213CH         LINE#         521
  C:213CH         LINE#         522
  C:213CH         LINE#         523
  C:214AH         LINE#         524
  C:214DH         LINE#         525
  C:214DH         LINE#         526
  C:215DH         LINE#         527
  C:216BH         LINE#         528
  C:216DH         LINE#         529
  -------         ENDPROC       STOP_SPRAY
  -------         PROC          LEARN_CODE
BL51 BANKED LINKER/LOCATER V6.22.4.0                                                  09/27/2024  10:00:24  PAGE 23


  -------         DO            
  X:0201H         SYMBOL        now
  X:0203H         SYMBOL        now1
  -------         ENDDO         
  C:26F3H         LINE#         531
  C:26F3H         LINE#         532
  C:26F3H         LINE#         533
  C:26FEH         LINE#         534
  C:2703H         LINE#         535
  C:273EH         LINE#         536
  C:273EH         LINE#         537
  C:2745H         LINE#         538
  C:2748H         LINE#         540
  C:274AH         LINE#         541
  C:275DH         LINE#         542
  C:275DH         LINE#         543
  C:2764H         LINE#         544
  C:2767H         LINE#         545
  C:276AH         LINE#         547
  C:276DH         LINE#         548
  C:2778H         LINE#         549
  C:27A9H         LINE#         550
  C:27CBH         LINE#         555
  C:27CBH         LINE#         556
  C:27D2H         LINE#         557
  C:27D5H         LINE#         558
  C:27F5H         LINE#         559
  C:27FBH         LINE#         560
  C:2801H         LINE#         561
  C:2808H         LINE#         563
  -------         ENDPROC       LEARN_CODE
  -------         PROC          RIGHT_BUSINESS_LOGIC
  C:0CE1H         LINE#         566
  C:0CE1H         LINE#         567
  C:0CE1H         LINE#         568
  C:0D1EH         LINE#         569
  C:0D1EH         LINE#         570
  C:0D1EH         LINE#         571
  C:0D24H         LINE#         572
  C:0D28H         LINE#         573
  C:0D2DH         LINE#         574
  C:0D30H         LINE#         575
  C:0D39H         LINE#         576
  C:0D41H         LINE#         578
  C:0D49H         LINE#         579
  C:0D4CH         LINE#         580
  C:0D50H         LINE#         581
  C:0D53H         LINE#         582
  C:0D57H         LINE#         583
  C:0D5AH         LINE#         584
  C:0D62H         LINE#         585
  C:0D62H         LINE#         586
  C:0D62H         LINE#         587
  C:0D62H         LINE#         588
  C:0D65H         LINE#         589
  C:0D65H         LINE#         590
  C:0D6BH         LINE#         591
BL51 BANKED LINKER/LOCATER V6.22.4.0                                                  09/27/2024  10:00:24  PAGE 24


  C:0D6FH         LINE#         592
  C:0D74H         LINE#         593
  C:0D77H         LINE#         594
  C:0D80H         LINE#         595
  C:0D89H         LINE#         597
  C:0D91H         LINE#         598
  C:0D94H         LINE#         599
  C:0D98H         LINE#         600
  C:0D9BH         LINE#         601
  C:0D9FH         LINE#         602
  C:0DA2H         LINE#         603
  C:0DAAH         LINE#         604
  C:0DAAH         LINE#         605
  C:0DAAH         LINE#         606
  C:0DAAH         LINE#         607
  C:0DADH         LINE#         608
  C:0DADH         LINE#         609
  C:0DB3H         LINE#         610
  C:0DB7H         LINE#         611
  C:0DBCH         LINE#         612
  C:0DBFH         LINE#         613
  C:0DC8H         LINE#         614
  C:0DD2H         LINE#         616
  C:0DDAH         LINE#         617
  C:0DDDH         LINE#         618
  C:0DE1H         LINE#         619
  C:0DE4H         LINE#         620
  C:0DE8H         LINE#         621
  C:0DEFH         LINE#         622
  C:0DF7H         LINE#         623
  C:0DF7H         LINE#         624
  C:0DF7H         LINE#         625
  C:0DF7H         LINE#         626
  C:0DFAH         LINE#         627
  C:0DFAH         LINE#         628
  C:0E00H         LINE#         629
  C:0E04H         LINE#         630
  C:0E09H         LINE#         631
  C:0E0CH         LINE#         632
  C:0E15H         LINE#         633
  C:0E1FH         LINE#         635
  C:0E27H         LINE#         636
  C:0E2AH         LINE#         637
  C:0E2EH         LINE#         638
  C:0E31H         LINE#         639
  C:0E35H         LINE#         640
  C:0E3CH         LINE#         641
  C:0E44H         LINE#         642
  C:0E44H         LINE#         643
  C:0E44H         LINE#         644
  C:0E44H         LINE#         645
  C:0E47H         LINE#         646
  C:0E47H         LINE#         647
  C:0E4DH         LINE#         648
  C:0E51H         LINE#         649
  C:0E56H         LINE#         650
  C:0E59H         LINE#         651
BL51 BANKED LINKER/LOCATER V6.22.4.0                                                  09/27/2024  10:00:24  PAGE 25


  C:0E62H         LINE#         652
  C:0E6CH         LINE#         654
  C:0E74H         LINE#         655
  C:0E76H         LINE#         656
  C:0E7AH         LINE#         657
  C:0E81H         LINE#         658
  C:0E85H         LINE#         659
  C:0E8CH         LINE#         660
  C:0E94H         LINE#         661
  C:0E94H         LINE#         662
  C:0E94H         LINE#         663
  C:0E94H         LINE#         664
  C:0E96H         LINE#         665
  C:0E96H         LINE#         666
  C:0E9CH         LINE#         667
  C:0EA0H         LINE#         668
  C:0EA5H         LINE#         669
  C:0EA8H         LINE#         670
  C:0EB1H         LINE#         671
  C:0EBAH         LINE#         673
  C:0EC2H         LINE#         674
  C:0EC7H         LINE#         675
  C:0ECBH         LINE#         676
  C:0ED2H         LINE#         677
  C:0ED6H         LINE#         678
  C:0EDDH         LINE#         679
  C:0EE5H         LINE#         680
  C:0EE5H         LINE#         681
  C:0EE8H         LINE#         682
  C:0EE8H         LINE#         683
  C:0EEBH         LINE#         685
  C:0EEBH         LINE#         686
  C:0EFCH         LINE#         687
  C:0EFCH         LINE#         688
  C:0F19H         LINE#         691
  C:0F19H         LINE#         692
  C:0F1FH         LINE#         693
  C:0F22H         LINE#         694
  C:0F24H         LINE#         696
  C:0F2DH         LINE#         697
  C:0F46H         LINE#         698
  C:0F5BH         LINE#         699
  C:0F5DH         LINE#         700
  C:0F70H         LINE#         701
  C:0F70H         LINE#         702
  C:0F73H         LINE#         703
  C:0F75H         LINE#         705
  C:0F75H         LINE#         706
  C:0F7EH         LINE#         707
  C:0F82H         LINE#         708
  C:0F86H         LINE#         709
  C:0F86H         LINE#         711
  C:0F8DH         LINE#         712
  C:0F96H         LINE#         713
  C:0F9EH         LINE#         714
  C:0F9EH         LINE#         715
  C:0FAAH         LINE#         716
BL51 BANKED LINKER/LOCATER V6.22.4.0                                                  09/27/2024  10:00:24  PAGE 26


  C:0FB1H         LINE#         718
  C:0FBFH         LINE#         720
  C:0FC0H         LINE#         721
  C:0FC4H         LINE#         722
  C:0FC4H         LINE#         723
  C:0FCEH         LINE#         724
  C:0FD7H         LINE#         726
  C:0FE1H         LINE#         727
  C:0FE4H         LINE#         728
  C:0FEFH         LINE#         729
  C:0FEFH         LINE#         730
  C:0FF3H         LINE#         731
  C:0FF3H         LINE#         732
  C:0FF4H         LINE#         733
  C:0FF4H         LINE#         734
  C:0FFEH         LINE#         735
  C:1001H         LINE#         737
  C:1004H         LINE#         738
  C:1004H         LINE#         739
  C:1004H         LINE#         740
  C:1009H         LINE#         741
  C:100CH         LINE#         742
  C:1011H         LINE#         743
  C:1021H         LINE#         744
  C:1026H         LINE#         745
  C:1029H         LINE#         746
  C:103AH         LINE#         747
  C:104FH         LINE#         748
  C:1050H         LINE#         749
  C:1050H         LINE#         750
  C:1056H         LINE#         751
  C:1058H         LINE#         752
  C:1078H         LINE#         753
  C:1088H         LINE#         754
  C:1092H         LINE#         755
  C:109AH         LINE#         756
  C:10A9H         LINE#         757
  C:10ADH         LINE#         758
  C:10BBH         LINE#         760
  C:10BBH         LINE#         761
  C:10BBH         LINE#         762
  C:10BBH         LINE#         763
  C:10BBH         LINE#         765
  -------         ENDPROC       RIGHT_BUSINESS_LOGIC
  -------         PROC          BUSINESS_LOGIC
  -------         DO            
  X:0200H         SYMBOL        previous
  -------         ENDDO         
  C:2E29H         LINE#         767
  C:2E29H         LINE#         769
  C:2E2EH         LINE#         770
  C:2E31H         LINE#         771
  C:2E34H         LINE#         772
  C:2E37H         LINE#         773
  C:2E3AH         LINE#         774
  C:2E3DH         LINE#         775
  C:2E40H         LINE#         776
BL51 BANKED LINKER/LOCATER V6.22.4.0                                                  09/27/2024  10:00:24  PAGE 27


  C:2E47H         LINE#         777
  C:2E59H         LINE#         778
  C:2E5CH         LINE#         779
  C:2E5FH         LINE#         780
  C:2E5FH         LINE#         781
  C:2E5FH         LINE#         782
  C:2E6CH         LINE#         783
  C:2E72H         LINE#         784
  C:2E72H         LINE#         785
  C:2E7EH         LINE#         786
  C:2E81H         LINE#         787
  C:2E84H         LINE#         788
  C:2E87H         LINE#         789
  C:2E8FH         LINE#         790
  C:2E94H         LINE#         791
  C:2E97H         LINE#         792
  C:2E9AH         LINE#         793
  C:2E9DH         LINE#         794
  C:2EABH         LINE#         796
  C:2EABH         LINE#         797
  C:2EAEH         LINE#         798
  C:2EAEH         LINE#         799
  C:2EAEH         LINE#         801
  -------         ENDPROC       BUSINESS_LOGIC
  -------         PROC          REFRESH_LED
  -------         DO            
  X:0294H         SYMBOL        i
  -------         DO            
  X:0296H         SYMBOL        period
  -------         ENDDO         
  -------         ENDDO         
  C:0066H         LINE#         805
  C:0066H         LINE#         807
  C:006DH         LINE#         810
  C:0070H         LINE#         811
  C:0073H         LINE#         812
  C:0076H         LINE#         813
  C:0079H         LINE#         814
  C:007CH         LINE#         815
  C:0087H         LINE#         816
  C:008AH         LINE#         817
  C:0093H         LINE#         818
  C:0093H         LINE#         819
  C:0093H         LINE#         821
  C:00B2H         LINE#         822
  C:00B2H         LINE#         823
  C:00B2H         LINE#         824
  C:00B2H         LINE#         825
  C:00B2H         LINE#         826
  C:00B2H         LINE#         827
  C:00B2H         LINE#         828
  C:00B2H         LINE#         829
  C:00B8H         LINE#         830
  C:00BCH         LINE#         831
  C:00BCH         LINE#         832
  C:00C0H         LINE#         833
  C:00C3H         LINE#         834
BL51 BANKED LINKER/LOCATER V6.22.4.0                                                  09/27/2024  10:00:24  PAGE 28


  C:00CBH         LINE#         835
  C:00CBH         LINE#         836
  C:00D1H         LINE#         837
  C:00D4H         LINE#         838
  C:00D8H         LINE#         839
  C:00D8H         LINE#         840
  C:00DEH         LINE#         841
  C:00E1H         LINE#         842
  C:00E5H         LINE#         843
  C:00E5H         LINE#         844
  C:00EBH         LINE#         845
  C:00EEH         LINE#         846
  C:00F2H         LINE#         847
  C:00F2H         LINE#         848
  C:00F8H         LINE#         849
  C:00FBH         LINE#         850
  C:00FFH         LINE#         851
  C:00FFH         LINE#         852
  C:0105H         LINE#         853
  C:0105H         LINE#         854
  C:0105H         LINE#         855
  C:0105H         LINE#         856
  C:0108H         LINE#         857
  C:0108H         LINE#         858
  C:0112H         LINE#         859
  C:0112H         LINE#         860
  C:0115H         LINE#         861
  C:0118H         LINE#         863
  C:0118H         LINE#         864
  C:011BH         LINE#         865
  C:011BH         LINE#         866
  C:011EH         LINE#         867
  C:011EH         LINE#         868
  C:012FH         LINE#         869
  C:012FH         LINE#         870
  C:0138H         LINE#         871
  C:0151H         LINE#         872
  C:016AH         LINE#         873
  C:0187H         LINE#         876
  C:0187H         LINE#         877
  C:018DH         LINE#         878
  C:0190H         LINE#         879
  C:0192H         LINE#         881
  C:019BH         LINE#         882
  C:019DH         LINE#         883
  C:01B0H         LINE#         884
  C:01B0H         LINE#         885
  C:01B3H         LINE#         886
  C:01B5H         LINE#         888
  C:01B5H         LINE#         889
  C:01BAH         LINE#         890
  C:01BEH         LINE#         891
  C:01C6H         LINE#         892
  C:01CEH         LINE#         893
  C:01CEH         LINE#         894
  C:01D0H         LINE#         895
  C:01D0H         LINE#         896
BL51 BANKED LINKER/LOCATER V6.22.4.0                                                  09/27/2024  10:00:24  PAGE 29


  C:01D9H         LINE#         897
  C:01DFH         LINE#         898
  C:01E3H         LINE#         899
  C:01E3H         LINE#         900
  C:01E3H         LINE#         901
  C:01E5H         LINE#         902
  C:01E5H         LINE#         903
  C:01EEH         LINE#         904
  C:01F4H         LINE#         905
  C:01F8H         LINE#         906
  C:01FDH         LINE#         907
  C:0200H         LINE#         908
  C:0200H         LINE#         909
  C:0200H         LINE#         910
  C:0200H         LINE#         911
  C:0200H         LINE#         912
  C:0220H         LINE#         913
  C:0220H         LINE#         914
  C:0220H         LINE#         915
  C:0220H         LINE#         916
  C:0220H         LINE#         917
  C:0220H         LINE#         918
  C:0220H         LINE#         919
  C:0220H         LINE#         920
  C:0226H         LINE#         921
  C:022AH         LINE#         922
  C:022AH         LINE#         923
  C:022EH         LINE#         924
  C:0230H         LINE#         925
  C:0238H         LINE#         926
  C:0238H         LINE#         927
  C:023EH         LINE#         928
  C:0240H         LINE#         929
  C:0244H         LINE#         930
  C:0244H         LINE#         931
  C:024AH         LINE#         932
  C:024CH         LINE#         933
  C:0250H         LINE#         934
  C:0250H         LINE#         935
  C:0256H         LINE#         936
  C:0258H         LINE#         937
  C:025CH         LINE#         938
  C:025CH         LINE#         939
  C:0262H         LINE#         940
  C:0264H         LINE#         941
  C:0268H         LINE#         942
  C:0268H         LINE#         943
  C:026EH         LINE#         944
  C:026EH         LINE#         945
  C:0273H         LINE#         946
  C:0276H         LINE#         947
  C:0279H         LINE#         948
  C:0279H         LINE#         949
  C:0283H         LINE#         950
  C:0283H         LINE#         951
  C:0286H         LINE#         952
  C:0289H         LINE#         954
BL51 BANKED LINKER/LOCATER V6.22.4.0                                                  09/27/2024  10:00:24  PAGE 30


  C:0289H         LINE#         955
  C:028CH         LINE#         956
  C:028CH         LINE#         957
  C:028FH         LINE#         958
  C:028FH         LINE#         959
  C:02A0H         LINE#         960
  C:02A0H         LINE#         961
  C:02B9H         LINE#         962
  C:02D2H         LINE#         963
  C:02DBH         LINE#         964
  C:02F8H         LINE#         967
  C:02F8H         LINE#         968
  C:02FEH         LINE#         969
  C:0301H         LINE#         970
  C:0304H         LINE#         972
  C:030DH         LINE#         973
  C:0310H         LINE#         974
  C:0323H         LINE#         975
  C:0323H         LINE#         976
  C:0326H         LINE#         977
  C:0328H         LINE#         979
  C:0328H         LINE#         980
  C:032DH         LINE#         981
  C:0331H         LINE#         982
  C:0339H         LINE#         983
  C:033CH         LINE#         984
  C:033CH         LINE#         985
  C:033EH         LINE#         986
  C:033EH         LINE#         987
  C:0343H         LINE#         988
  C:0346H         LINE#         989
  C:034BH         LINE#         990
  C:034EH         LINE#         991
  C:0353H         LINE#         992
  C:035FH         LINE#         993
  C:0361H         LINE#         994
  C:0361H         LINE#         995
  C:0366H         LINE#         996
  C:0368H         LINE#         997
  C:0388H         LINE#         998
  C:0398H         LINE#         999
  C:03A2H         LINE#         1000
  C:03A2H         LINE#         1001
  C:03A2H         LINE#         1002
  C:03A2H         LINE#         1003
  C:03A2H         LINE#         1005
  C:03BCH         LINE#         1006
  C:03BCH         LINE#         1007
  C:03CDH         LINE#         1008
  C:03CDH         LINE#         1009
  C:03D4H         LINE#         1010
  C:03D9H         LINE#         1011
  C:03D9H         LINE#         1012
  C:03E1H         LINE#         1013
  C:0422H         LINE#         1014
  C:0422H         LINE#         1015
  C:0422H         LINE#         1016
BL51 BANKED LINKER/LOCATER V6.22.4.0                                                  09/27/2024  10:00:24  PAGE 31


  C:0425H         LINE#         1018
  C:0425H         LINE#         1019
  C:0444H         LINE#         1020
  C:0447H         LINE#         1025
  C:045FH         LINE#         1026
  C:045FH         LINE#         1027
  C:0468H         LINE#         1028
  C:04A9H         LINE#         1029
  C:04A9H         LINE#         1030
  C:04B6H         LINE#         1031
  C:04B9H         LINE#         1033
  C:04B9H         LINE#         1034
  C:04D5H         LINE#         1035
  C:04D8H         LINE#         1037
  C:04E7H         LINE#         1038
  C:04E7H         LINE#         1039
  C:04EAH         LINE#         1040
  C:0502H         LINE#         1041
  C:0502H         LINE#         1042
  C:050CH         LINE#         1043
  C:054DH         LINE#         1044
  C:056EH         LINE#         1045
  C:05B1H         LINE#         1046
  C:05D3H         LINE#         1047
  C:0617H         LINE#         1048
  C:0639H         LINE#         1049
  C:067DH         LINE#         1050
  C:069FH         LINE#         1051
  C:06E3H         LINE#         1052
  C:0704H         LINE#         1053
  C:074EH         LINE#         1054
  C:0771H         LINE#         1055
  C:0774H         LINE#         1056
  C:0789H         LINE#         1057
  C:0789H         LINE#         1058
  C:07AAH         LINE#         1059
  C:07AAH         LINE#         1060
  C:07ACH         LINE#         1062
  C:07ACH         LINE#         1063
  C:07C8H         LINE#         1064
  C:07DEH         LINE#         1066
  C:07F4H         LINE#         1067
  C:07F4H         LINE#         1068
  -------         ENDPROC       REFRESH_LED
  -------         PROC          STARTUP_TASK
  -------         DO            
  X:02A3H         SYMBOL        start
  X:02A5H         SYMBOL        end
  -------         ENDDO         
  C:2809H         LINE#         1074
  C:2809H         LINE#         1076
  C:2814H         LINE#         1077
  C:2819H         LINE#         1078
  C:2832H         LINE#         1079
  C:2835H         LINE#         1080
  C:2838H         LINE#         1081
  C:283BH         LINE#         1082
BL51 BANKED LINKER/LOCATER V6.22.4.0                                                  09/27/2024  10:00:24  PAGE 32


  C:283DH         LINE#         1083
  C:2842H         LINE#         1084
  C:2847H         LINE#         1086
  C:2847H         LINE#         1087
  C:2852H         LINE#         1088
  C:2855H         LINE#         1089
  C:2860H         LINE#         1090
  C:2878H         LINE#         1091
  C:2878H         LINE#         1092
  C:287BH         LINE#         1093
  C:287BH         LINE#         1094
  C:288EH         LINE#         1096
  C:288EH         LINE#         1097
  C:28A2H         LINE#         1099
  C:28A2H         LINE#         1100
  C:28A5H         LINE#         1101
  C:28ACH         LINE#         1102
  C:28BFH         LINE#         1103
  C:28BFH         LINE#         1104
  C:28DFH         LINE#         1105
  C:28E2H         LINE#         1106
  C:28E9H         LINE#         1107
  C:28F0H         LINE#         1108
  C:28FBH         LINE#         1109
  C:28FDH         LINE#         1110
  C:2904H         LINE#         1111
  C:2904H         LINE#         1112
  C:2904H         LINE#         1116
  C:2907H         LINE#         1117
  -------         ENDPROC       STARTUP_TASK
  -------         PROC          BEEPER_ONCE
  C:331DH         LINE#         1120
  C:331DH         LINE#         1121
  C:331DH         LINE#         1122
  C:3320H         LINE#         1123
  C:3340H         LINE#         1124
  -------         ENDPROC       BEEPER_ONCE
  C:32F4H         SYMBOL        L?0499
  -------         PROC          L?0498
  -------         ENDPROC       L?0498
  C:32F4H         SYMBOL        L?0499
  -------         PROC          READSTOPMULTIPLIER
  -------         DO            
  X:02A7H         SYMBOL        val
  -------         ENDDO         
  C:32F8H         LINE#         1127
  C:32F8H         LINE#         1128
  C:32F8H         LINE#         1129
  C:32FFH         LINE#         1130
  C:3314H         LINE#         1131
  C:331CH         LINE#         1132
  -------         ENDPROC       READSTOPMULTIPLIER
  C:0039H         SYMBOL        L?0493
  -------         PROC          L?0492
  -------         ENDPROC       L?0492
  C:0039H         SYMBOL        L?0493
  -------         PROC          READSTARTMULTIPLIER
BL51 BANKED LINKER/LOCATER V6.22.4.0                                                  09/27/2024  10:00:24  PAGE 33


  -------         DO            
  X:02A7H         SYMBOL        val
  -------         ENDDO         
  C:003DH         LINE#         1134
  C:003DH         LINE#         1135
  C:003DH         LINE#         1136
  C:0044H         LINE#         1137
  C:0059H         LINE#         1138
  C:0061H         LINE#         1139
  -------         ENDPROC       READSTARTMULTIPLIER
  C:3462H         SYMBOL        L?0491
  -------         PROC          L?0490
  -------         ENDPROC       L?0490
  C:3462H         SYMBOL        L?0491
  -------         PROC          READSTOPCOUNTER
  C:346AH         LINE#         1140
  C:346AH         LINE#         1141
  C:346AH         LINE#         1142
  -------         ENDPROC       READSTOPCOUNTER
  -------         PROC          READSTARTCOUNTER
  C:350BH         LINE#         1145
  C:350BH         LINE#         1146
  C:350BH         LINE#         1147
  -------         ENDPROC       READSTARTCOUNTER
  C:34C3H         SYMBOL        L?0497
  -------         PROC          L?0496
  -------         ENDPROC       L?0496
  C:34C3H         SYMBOL        L?0497
  -------         PROC          READWATERSHORTLEVEL
  C:34C8H         LINE#         1149
  C:34C8H         LINE#         1150
  C:34C8H         LINE#         1151
  -------         ENDPROC       READWATERSHORTLEVEL
  C:34CFH         SYMBOL        L?0495
  -------         PROC          L?0494
  -------         ENDPROC       L?0494
  C:34CFH         SYMBOL        L?0495
  -------         PROC          READWATERSHORTDELAY
  C:34D7H         LINE#         1154
  C:34D7H         LINE#         1155
  C:34D7H         LINE#         1156
  -------         ENDPROC       READWATERSHORTDELAY
  -------         PROC          WRITEFLASH
  -------         DO            
  X:0201H         SYMBOL        mode
  -------         ENDDO         
  C:216EH         LINE#         1159
  C:216EH         LINE#         1160
  C:216EH         LINE#         1161
  C:2173H         LINE#         1162
  C:2180H         LINE#         1163
  C:2187H         LINE#         1164
  C:218DH         LINE#         1165
  C:2195H         LINE#         1166
  C:219BH         LINE#         1167
  C:21A3H         LINE#         1168
  C:21A9H         LINE#         1169
[...]
  C:2F05H         LINE#         49
  C:2F05H         LINE#         50
  C:2F25H         LINE#         51
BL51 BANKED LINKER/LOCATER V6.22.4.0                                                  09/27/2024  10:00:24  PAGE 47


  C:2F28H         LINE#         52
  C:2F2BH         LINE#         53
  C:2F2BH         LINE#         54
  C:2F2DH         LINE#         55
  -------         ENDPROC       EXTERNAL_BUTTON_POLL_BLOCKED
  -------         ENDMOD        OUTPUT

  -------         MODULE        TM11650
  C:0000H         SYMBOL        _ICE_DUMMY_
  D:0080H         PUBLIC        P0
  D:0090H         PUBLIC        P1
  D:00A0H         PUBLIC        P2
  D:00B0H         PUBLIC        P3
  D:00D8H         PUBLIC        PWMCON0
  C:325FH         PUBLIC        _tm1650_displayChar
  D:00A8H         PUBLIC        IE
  C:2CE0H         SYMBOL        buttonCodes
  D:00B8H         PUBLIC        IP
  D:0098H         PUBLIC        SCON
  D:0088H         PUBLIC        TCON
  D:00F8H         PUBLIC        SCON_1
  C:3440H         PUBLIC        _tm1650_displayOn
  C:3487H         PUBLIC        _isButtonCodeValid
  C:3185H         PUBLIC        _tm1650_displayChar_withDot
  D:00E8H         PUBLIC        ADCCON0
  D:00C0H         PUBLIC        I2CON
  C:3008H         PUBLIC        _tm1650_displaySegment
  C:304CH         PUBLIC        _tm1650_displayChar_withDot_underMask
  D:00C8H         PUBLIC        T2CON
  C:2C60H         SYMBOL        TM1650_CDigits
  D:00D0H         PUBLIC        PSW
  -------         PROC          _TM1650_DISPLAYON
  X:0298H         SYMBOL        tm
  C:3440H         LINE#         27
  C:344BH         LINE#         28
  C:3454H         LINE#         29
  -------         ENDPROC       _TM1650_DISPLAYON
  -------         PROC          _TM1650_DISPLAYCHAR
  D:0001H         SYMBOL        tm
  D:0005H         SYMBOL        aPos
  X:029CH         SYMBOL        c
  C:325FH         LINE#         65
  C:325FH         LINE#         66
  C:325FH         LINE#         67
  C:3265H         LINE#         68
  C:327FH         LINE#         69
  -------         ENDPROC       _TM1650_DISPLAYCHAR
  -------         PROC          _TM1650_DISPLAYCHAR_WITHDOT
  D:0001H         SYMBOL        tm
  D:0005H         SYMBOL        aPos
  X:029CH         SYMBOL        c
  C:3185H         LINE#         72
  C:3185H         LINE#         73
  C:3185H         LINE#         74
  C:318BH         LINE#         75
  C:31A5H         LINE#         76
  -------         ENDPROC       _TM1650_DISPLAYCHAR_WITHDOT
BL51 BANKED LINKER/LOCATER V6.22.4.0                                                  09/27/2024  10:00:24  PAGE 48


  -------         PROC          _TM1650_DISPLAYCHAR_WITHDOT_UNDERMASK
  D:0001H         SYMBOL        tm
  D:0005H         SYMBOL        aPos
  X:029CH         SYMBOL        c
  X:029DH         SYMBOL        mask
  C:304CH         LINE#         79
  C:304CH         LINE#         80
  C:304CH         LINE#         81
  C:3052H         LINE#         82
  C:306CH         LINE#         83
  -------         ENDPROC       _TM1650_DISPLAYCHAR_WITHDOT_UNDERMASK
  -------         PROC          _TM1650_DISPLAYSEGMENT
  D:0001H         SYMBOL        tm
  D:0005H         SYMBOL        aPos
  X:029CH         SYMBOL        c
  X:029DH         SYMBOL        i
  C:3008H         LINE#         86
  C:3008H         LINE#         87
  C:3008H         LINE#         88
  C:300EH         LINE#         89
  C:3028H         LINE#         90
  -------         ENDPROC       _TM1650_DISPLAYSEGMENT
  -------         PROC          _ISBUTTONCODEVALID
  D:0007H         SYMBOL        c
  -------         DO            
  D:0006H         SYMBOL        i
  -------         ENDDO         
  C:3487H         LINE#         107
  C:3487H         LINE#         108
  C:3487H         LINE#         109
  C:3489H         LINE#         110
  C:3489H         LINE#         111
  C:3491H         LINE#         112
  C:3499H         LINE#         113
  C:349BH         LINE#         114
  -------         ENDPROC       _ISBUTTONCODEVALID
  -------         ENDMOD        TM11650

  -------         MODULE        SYS
  C:0000H         SYMBOL        _ICE_DUMMY_
  D:0080H         PUBLIC        P0
  D:0090H         PUBLIC        P1
  D:00A0H         PUBLIC        P2
  D:00B0H         PUBLIC        P3
  D:0084H         PUBLIC        RCTRIM0
  D:0085H         PUBLIC        RCTRIM1
  B:00A8H.7       PUBLIC        EA
  D:00D8H         PUBLIC        PWMCON0
  D:000EH         PUBLIC        BYTE_TMP
  D:00A8H         PUBLIC        IE
  D:000FH         PUBLIC        SFRS_TMP
  D:00C7H         PUBLIC        TA
  D:00B8H         PUBLIC        IP
  D:0010H         PUBLIC        TA_REG_TMP
  B:0020H.1       PUBLIC        BIT_TMP
  D:0098H         PUBLIC        SCON
  D:0088H         PUBLIC        TCON
BL51 BANKED LINKER/LOCATER V6.22.4.0                                                  09/27/2024  10:00:24  PAGE 49


  D:009FH         PUBLIC        CHPCON
  D:0091H         PUBLIC        SFRS
  D:00F8H         PUBLIC        SCON_1
  D:00A4H         PUBLIC        IAPTRG
  C:2A01H         PUBLIC        _MODIFY_HIRC
  D:00E8H         PUBLIC        ADCCON0
  D:00C0H         PUBLIC        I2CON
  D:00A7H         PUBLIC        IAPAH
  D:00AEH         PUBLIC        IAPFD
  D:00C8H         PUBLIC        T2CON
  D:00A6H         PUBLIC        IAPAL
  D:00AFH         PUBLIC        IAPCN
  D:00D0H         PUBLIC        PSW
  -------         PROC          _MODIFY_HIRC
  D:0007H         SYMBOL        u8HIRCSEL
  -------         DO            
  D:0011H         SYMBOL        hircmap0
  D:0012H         SYMBOL        hircmap1
  D:0013H         SYMBOL        offset
  D:0006H         SYMBOL        trimvalue16bit
  -------         ENDDO         
  C:2A01H         LINE#         26
  C:2A01H         LINE#         27
  C:2A01H         LINE#         31
  C:2A04H         LINE#         32
  C:2A10H         LINE#         33
  C:2A10H         LINE#         34
  C:2A10H         LINE#         35
  C:2A13H         LINE#         36
  C:2A15H         LINE#         37
  C:2A15H         LINE#         38
  C:2A15H         LINE#         39
  C:2A15H         LINE#         40
  C:2A18H         LINE#         42
  C:2A18H         LINE#         43
  C:2A18H         LINE#         44
  C:2A2BH         LINE#         45
  C:2A2EH         LINE#         46
  C:2A31H         LINE#         47
  C:2A44H         LINE#         48
  C:2A47H         LINE#         49
  C:2A49H         LINE#         50
  C:2A5CH         LINE#         51
  C:2A5FH         LINE#         52
  C:2A64H         LINE#         53
  C:2A64H         LINE#         54
  C:2A64H         LINE#         55
  C:2A77H         LINE#         56
  C:2A7FH         LINE#         58
  C:2A82H         LINE#         59
  C:2A85H         LINE#         60
  C:2A88H         LINE#         61
  C:2A9BH         LINE#         62
  C:2AACH         LINE#         63
  C:2AACH         LINE#         64
  C:2AB2H         LINE#         65
  C:2AB7H         LINE#         66
BL51 BANKED LINKER/LOCATER V6.22.4.0                                                  09/27/2024  10:00:24  PAGE 50


  C:2AC1H         LINE#         68
  C:2AC6H         LINE#         69
  C:2AC6H         LINE#         70
  C:2ACBH         LINE#         71
  C:2AD2H         LINE#         73
  C:2AD2H         LINE#         74
  C:2AD2H         LINE#         75
  C:2AD2H         LINE#         76
  C:2AD5H         LINE#         77
  C:2AD8H         LINE#         78
  C:2ADBH         LINE#         79
  C:2ADEH         LINE#         80
  C:2AE1H         LINE#         81
  C:2AE4H         LINE#         82
  C:2AF7H         LINE#         83
  -------         ENDPROC       _MODIFY_HIRC
  -------         ENDMOD        SYS

  -------         MODULE        EEPROM
  C:0000H         SYMBOL        _ICE_DUMMY_
  D:0080H         PUBLIC        P0
  D:0090H         PUBLIC        P1
  D:00A0H         PUBLIC        P2
  D:00B0H         PUBLIC        P3
  B:00A8H.7       PUBLIC        EA
  D:00D8H         PUBLIC        PWMCON0
  D:00A8H         PUBLIC        IE
  C:2441H         PUBLIC        _Write_DATAFLASH_BYTE
  D:00C7H         PUBLIC        TA
  D:00B8H         PUBLIC        IP
  D:0098H         PUBLIC        SCON
  D:0088H         PUBLIC        TCON
  D:009FH         PUBLIC        CHPCON
  D:00A5H         PUBLIC        IAPUEN
  D:00F8H         PUBLIC        SCON_1
  D:00A4H         PUBLIC        IAPTRG
  C:2FA1H         PUBLIC        _Read_DATAFLASH_ARRAY
  D:00E8H         PUBLIC        ADCCON0
  D:00C0H         PUBLIC        I2CON
  C:2AF8H         PUBLIC        _Write_DATAFLASH_ARRAY
  D:00A7H         PUBLIC        IAPAH
  D:00AEH         PUBLIC        IAPFD
  D:00C8H         PUBLIC        T2CON
  D:00A6H         PUBLIC        IAPAL
  D:00AFH         PUBLIC        IAPCN
  C:1786H         PUBLIC        _WriteDataToOnePage
  D:00D0H         PUBLIC        PSW
  X:02BFH         PUBLIC        page_buffer
  -------         PROC          _WRITE_DATAFLASH_BYTE
  X:02ADH         SYMBOL        u16EPAddr
  X:02AFH         SYMBOL        u8EPData
  -------         DO            
  X:02B0H         SYMBOL        looptmp
  X:02B1H         SYMBOL        u16_addrl_r
  D:0006H         SYMBOL        RAMtmp
  -------         ENDDO         
  C:2441H         LINE#         22
BL51 BANKED LINKER/LOCATER V6.22.4.0                                                  09/27/2024  10:00:24  PAGE 51


  C:244CH         LINE#         23
  C:244CH         LINE#         24
  C:244FH         LINE#         29
  C:2471H         LINE#         31
  C:2480H         LINE#         32
  C:2480H         LINE#         33
  C:2492H         LINE#         34
  C:24A1H         LINE#         35
  C:24A9H         LINE#         37
  C:24C1H         LINE#         40
  C:24CAH         LINE#         41
  C:24CDH         LINE#         42
  C:24D0H         LINE#         43
  C:24E3H         LINE#         44
  C:24F6H         LINE#         45
  C:24F9H         LINE#         46
  C:250CH         LINE#         49
  C:251FH         LINE#         50
  C:2532H         LINE#         51
  C:2535H         LINE#         52
  C:2544H         LINE#         53
  C:2544H         LINE#         54
  C:254EH         LINE#         55
  C:2551H         LINE#         56
  C:255EH         LINE#         57
  C:2571H         LINE#         58
  C:2579H         LINE#         59
  C:258CH         LINE#         60
  C:259FH         LINE#         61
  -------         ENDPROC       _WRITE_DATAFLASH_BYTE
  -------         PROC          _WRITE_DATAFLASH_ARRAY
  X:0202H         SYMBOL        u16_addr
  X:0204H         SYMBOL        pDat
  X:0207H         SYMBOL        num
  -------         DO            
  D:0003H         SYMBOL        CPageAddr
  X:0209H         SYMBOL        EPageAddr
  D:0005H         SYMBOL        cnt
  -------         ENDDO         
  C:2AF8H         LINE#         65
  C:2B09H         LINE#         66
  C:2B09H         LINE#         68
  C:2B1DH         LINE#         69
  C:2B37H         LINE#         70
  C:2B3EH         LINE#         71
  C:2B3EH         LINE#         72
  C:2B5AH         LINE#         73
  C:2B67H         LINE#         74
  C:2B70H         LINE#         75
  C:2B7EH         LINE#         76
  C:2B8FH         LINE#         77
  C:2B91H         LINE#         78
  C:2B9CH         LINE#         79
  C:2B9CH         LINE#         80
  C:2BB5H         LINE#         81
  C:2BB5H         LINE#         82
  -------         ENDPROC       _WRITE_DATAFLASH_ARRAY
BL51 BANKED LINKER/LOCATER V6.22.4.0                                                  09/27/2024  10:00:24  PAGE 52


  -------         PROC          _READ_DATAFLASH_ARRAY
  X:02A9H         SYMBOL        u16_addr
  X:02ABH         SYMBOL        pDat
  X:02AEH         SYMBOL        num
  -------         DO            
  X:02B0H         SYMBOL        i
  -------         ENDDO         
  C:2FA1H         LINE#         84
  C:2FB2H         LINE#         85
  C:2FB2H         LINE#         87
  C:2FCDH         LINE#         88
  C:3007H         LINE#         89
  -------         ENDPROC       _READ_DATAFLASH_ARRAY
  -------         PROC          _WRITEDATATOONEPAGE
  X:020AH         SYMBOL        u16_addr
  X:020CH         SYMBOL        pDat
  X:020FH         SYMBOL        num
  -------         DO            
  X:0210H         SYMBOL        i
  X:0211H         SYMBOL        offset
  X:0212H         SYMBOL        pCode
  X:0214H         SYMBOL        xd_tmp
  C:18BDH         SYMBOL        WriteDataToPage20
  -------         ENDDO         
  C:1786H         LINE#         92
  C:1797H         LINE#         93
  C:1797H         LINE#         98
  C:17AAH         LINE#         99
  C:17BDH         LINE#         101
  C:17CCH         LINE#         102
  C:17D5H         LINE#         103
  C:17E3H         LINE#         104
  C:17EBH         LINE#         105
  C:17FCH         LINE#         106
  C:17FCH         LINE#         107
  C:180FH         LINE#         108
  C:1817H         LINE#         109
  C:181EH         LINE#         110
  C:181EH         LINE#         111
  C:1821H         LINE#         112
  C:182AH         LINE#         113
  C:182DH         LINE#         114
  C:183EH         LINE#         115
  C:183EH         LINE#         116
  C:1853H         LINE#         117
  C:1866H         LINE#         118
  C:1868H         LINE#         119
  C:1870H         LINE#         120
  C:1881H         LINE#         121
  C:1881H         LINE#         122
  C:18A8H         LINE#         123
  C:18B0H         LINE#         124
  C:18BDH         LINE#         125
  C:18BDH         LINE#         127
  C:18BDH         LINE#         128
  C:18BDH         LINE#         129
  C:18CEH         LINE#         130
BL51 BANKED LINKER/LOCATER V6.22.4.0                                                  09/27/2024  10:00:24  PAGE 53


  C:18D3H         LINE#         131
  C:18D3H         LINE#         132
  C:18F5H         LINE#         133
  C:18FFH         LINE#         134
  C:190FH         LINE#         135
  C:190FH         LINE#         136
  C:1938H         LINE#         137
  C:1940H         LINE#         139
  C:1940H         LINE#         140
  C:194BH         LINE#         141
  C:194EH         LINE#         142
  C:1951H         LINE#         143
  C:1954H         LINE#         144
  C:1967H         LINE#         145
  C:196AH         LINE#         146
  C:1979H         LINE#         147
  C:1979H         LINE#         148
  C:1986H         LINE#         149
  C:1999H         LINE#         150
  C:199BH         LINE#         151
  C:19A3H         LINE#         152
  C:19B2H         LINE#         153
  C:19B2H         LINE#         154
  C:19D5H         LINE#         155
  C:19DDH         LINE#         156
  C:19E5H         LINE#         158
  C:19E5H         LINE#         159
  C:19F8H         LINE#         161
  C:19FDH         LINE#         162
  -------         ENDPROC       _WRITEDATATOONEPAGE
  -------         ENDMOD        EEPROM

  -------         MODULE        COMMON
  C:0000H         SYMBOL        _ICE_DUMMY_
  D:0080H         PUBLIC        P0
  D:0090H         PUBLIC        P1
  D:00A0H         PUBLIC        P2
  D:00B0H         PUBLIC        P3
  D:00D8H         PUBLIC        PWMCON0
  D:00A8H         PUBLIC        IE
  D:00B8H         PUBLIC        IP
  D:0098H         PUBLIC        SCON
  D:0088H         PUBLIC        TCON
  D:00F8H         PUBLIC        SCON_1
  D:00E8H         PUBLIC        ADCCON0
  D:00C0H         PUBLIC        I2CON
  D:00C8H         PUBLIC        T2CON
  C:0003H         PUBLIC        _Read_APROM_BYTE
  D:00D0H         PUBLIC        PSW
  -------         PROC          _READ_APROM_BYTE
  D:0082H         SYMBOL        u16_addr
  -------         DO            
  D:0007H         SYMBOL        rdata
  -------         ENDDO         
  C:0003H         LINE#         15
  C:0007H         LINE#         16
  C:0007H         LINE#         18
BL51 BANKED LINKER/LOCATER V6.22.4.0                                                  09/27/2024  10:00:24  PAGE 54


  C:000AH         LINE#         19
  C:000AH         LINE#         20
  -------         ENDPROC       _READ_APROM_BYTE
  -------         ENDMOD        COMMON

  -------         MODULE        ?C?COPY
  C:08D5H         PUBLIC        ?C?COPY
  -------         ENDMOD        ?C?COPY

  -------         MODULE        ?C?CLDOPTR
  C:08FBH         PUBLIC        ?C?CLDOPTR
  -------         ENDMOD        ?C?CLDOPTR

  -------         MODULE        ?C?CSTPTR
  C:0928H         PUBLIC        ?C?CSTPTR
  -------         ENDMOD        ?C?CSTPTR

  -------         MODULE        ?C?CSTOPTR
  C:093AH         PUBLIC        ?C?CSTOPTR
  -------         ENDMOD        ?C?CSTOPTR

  -------         MODULE        ?C?IMUL
  C:095CH         PUBLIC        ?C?IMUL
  -------         ENDMOD        ?C?IMUL

  -------         MODULE        ?C?UIDIV
  C:096EH         PUBLIC        ?C?UIDIV
  -------         ENDMOD        ?C?UIDIV

  -------         MODULE        ?C?IILDX
  C:09C3H         PUBLIC        ?C?IILDX
  -------         ENDMOD        ?C?IILDX

  -------         MODULE        ?C?ILDIX
  C:09D9H         PUBLIC        ?C?ILDIX
  -------         ENDMOD        ?C?ILDIX

  -------         MODULE        ?C?ULDIV
  C:0A2BH         PUBLIC        ?C?ULDIV
  -------         ENDMOD        ?C?ULDIV

  -------         MODULE        ?C?ULCMP
  C:0ABDH         PUBLIC        ?C?ULCMP
  -------         ENDMOD        ?C?ULCMP

  -------         MODULE        ?C?LSTXDATA
  C:0ACEH         PUBLIC        ?C?LSTXDATA
  -------         ENDMOD        ?C?LSTXDATA

  -------         MODULE        ?C?LSTKXDATA
  C:0ADAH         PUBLIC        ?C?LSTKXDATA
  -------         ENDMOD        ?C?LSTKXDATA

  -------         MODULE        ?C?MEMCMP
  C:0C91H         PUBLIC        ?C?MEMCMP
  -------         ENDMOD        ?C?MEMCMP

BL51 BANKED LINKER/LOCATER V6.22.4.0                                                  09/27/2024  10:00:24  PAGE 55


  -------         MODULE        ?C?MEMSET
  C:0CB5H         PUBLIC        ?C?MEMSET
  -------         ENDMOD        ?C?MEMSET

*** WARNING L15: MULTIPLE CALL TO SEGMENT
    SEGMENT: ?PR?READSTARTMULTIPLIER?MAIN
    CALLER1: ?PR?BUSINESS_LOGIC?MAIN
    CALLER2: ?PR?REFRESH_LED?MAIN

*** WARNING L15: MULTIPLE CALL TO SEGMENT
    SEGMENT: ?PR?_READ_DATAFLASH_ARRAY?EEPROM
    CALLER1: ?PR?BUSINESS_LOGIC?MAIN
    CALLER2: ?PR?REFRESH_LED?MAIN

*** WARNING L15: MULTIPLE CALL TO SEGMENT
    SEGMENT: ?PR?READSTOPMULTIPLIER?MAIN
    CALLER1: ?PR?BUSINESS_LOGIC?MAIN
    CALLER2: ?PR?REFRESH_LED?MAIN

*** WARNING L15: MULTIPLE CALL TO SEGMENT
    SEGMENT: ?PR?_TIMER1_DELAY2DOT54MS_BLOCKED?SYSTICK
    CALLER1: ?PR?BUSINESS_LOGIC?MAIN
    CALLER2: ?PR?STARTUP_TASK?MAIN

*** WARNING L15: MULTIPLE CALL TO SEGMENT
    SEGMENT: ?PR?_WRITE_DATAFLASH_BYTE?EEPROM
    CALLER1: ?PR?BUSINESS_LOGIC?MAIN
    CALLER2: ?PR?STARTUP_TASK?MAIN

*** WARNING L15: MULTIPLE CALL TO SEGMENT
    SEGMENT: ?PR?READSTOPMULTIPLIER?MAIN
    CALLER1: ?PR?REFRESH_LED?MAIN
    CALLER2: ?PR?STARTUP_TASK?MAIN

*** WARNING L15: MULTIPLE CALL TO SEGMENT
    SEGMENT: ?PR?_READ_DATAFLASH_ARRAY?EEPROM
    CALLER1: ?PR?REFRESH_LED?MAIN
    CALLER2: ?PR?STARTUP_TASK?MAIN

*** WARNING L15: MULTIPLE CALL TO SEGMENT
    SEGMENT: ?PR?READSTARTMULTIPLIER?MAIN
    CALLER1: ?PR?REFRESH_LED?MAIN
    CALLER2: ?PR?STARTUP_TASK?MAIN

Program Size: data=30.2 xdata=903 code=13598
LINK/LOCATE RUN COMPLETE.  8 WARNING(S),  0 ERROR(S)
